 PhysXCooking_64

 Timestamp is 65ffa686 (Sun Mar 24 12:05:26 2024)

 Preferred load address is 0000000180000000

 Start         Length     Name                   Class
 0001:00000000 00000060H .text$di                CODE
 0001:00000060 0001bf70H .text$mn                CODE
 0001:0001bfd0 00000040H .text$mn$00             CODE
 0001:0001c010 000004d0H .text$x                 CODE
 0002:00000000 00000260H .idata$5                DATA
 0002:00000260 00000038H .00cfg                  DATA
 0002:00000298 00000008H .CRT$XCA                DATA
 0002:000002a0 00000030H .CRT$XCU                DATA
 0002:000002d0 00000008H .CRT$XCZ                DATA
 0002:000002d8 00000008H .CRT$XIA                DATA
 0002:000002e0 00000018H .CRT$XIC                DATA
 0002:000002f8 00000008H .CRT$XIZ                DATA
 0002:00000300 00000008H .CRT$XPA                DATA
 0002:00000308 00000010H .CRT$XPX                DATA
 0002:00000318 00000008H .CRT$XPXA               DATA
 0002:00000320 00000008H .CRT$XPZ                DATA
 0002:00000328 00000008H .CRT$XTA                DATA
 0002:00000330 00000010H .CRT$XTZ                DATA
 0002:00000338 00000000H .gehcont$y              DATA
 0002:00000338 00000000H .gfids$y                DATA
 0002:00000340 000091c0H .rdata                  DATA
 0002:00009500 00000000H .rdata$CastGuardVftablesA DATA
 0002:00009500 00000000H .rdata$CastGuardVftablesC DATA
 0002:00009500 0000043cH .rdata$r                DATA
 0002:0000993c 0000013cH .rdata$voltmd           DATA
 0002:00009a78 00000408H .rdata$zzzdbg           DATA
 0002:00009e80 00000008H .rtc$IAA                DATA
 0002:00009e88 00000008H .rtc$IZZ                DATA
 0002:00009e90 00000008H .rtc$TAA                DATA
 0002:00009e98 00000008H .rtc$TZZ                DATA
 0002:00009ea0 000013a0H .xdata                  DATA
 0002:0000b240 00000084H .xdata$x                DATA
 0002:0000b2c4 00000040H .didat$2                DATA
 0002:0000b304 00000024H .didat$3                DATA
 0002:0000b328 000000d8H .didat$4                DATA
 0002:0000b400 00000280H .didat$6                DATA
 0002:0000b680 000000e0H .didat$7                DATA
 0002:0000b760 00000b04H .edata                  DATA
 0002:0000c264 00000014H .idata$2                DATA
 0002:0000c278 00000018H .idata$3                DATA
 0002:0000c290 00000260H .idata$4                DATA
 0002:0000c4f0 00000588H .idata$6                DATA
 0003:00000000 00000a00H .data                   DATA
 0003:00000a00 000000e0H .data$r                 DATA
 0003:00000ae0 000000f0H .data$rs                DATA
 0003:00000bd0 000000e0H .didat$5                DATA
 0003:00000cb0 00001280H .bss                    DATA
 0004:00000000 00001740H .pdata                  DATA
 0005:00000000 0000015cH _RDATA                  DATA
 0006:00000000 000000a0H .rsrc$01                DATA
 0006:000000a0 000004b0H .rsrc$02                DATA

  Address         Publics by Value              Rva+Base               Lib:Object

 0000:00000000       __AbsoluteZero             0000000000000000     <absolute>
 0000:00000000       ___safe_se_handler_count   0000000000000000     <absolute>
 0000:00000000       ___safe_se_handler_table   0000000000000000     <absolute>
 0000:00000000       __arm64x_extra_rfe_table   0000000000000000     <absolute>
 0000:00000000       __arm64x_extra_rfe_table_size 0000000000000000     <absolute>
 0000:00000000       __arm64x_native_entrypoint 0000000000000000     <absolute>
 0000:00000000       __arm64x_redirection_metadata 0000000000000000     <absolute>
 0000:00000000       __arm64x_redirection_metadata_count 0000000000000000     <absolute>
 0000:00000000       __dynamic_value_reloc_table 0000000000000000     <absolute>
 0000:00000000       __enclave_config           0000000000000000     <absolute>
 0000:00000000       __guard_check_icall_a64n_fptr 0000000000000000     <absolute>
 0000:00000000       __guard_eh_cont_count      0000000000000000     <absolute>
 0000:00000000       __guard_eh_cont_table      0000000000000000     <absolute>
 0000:00000000       __guard_fids_count         0000000000000000     <absolute>
 0000:00000000       __guard_fids_table         0000000000000000     <absolute>
 0000:00000000       __guard_iat_count          0000000000000000     <absolute>
 0000:00000000       __guard_iat_table          0000000000000000     <absolute>
 0000:00000000       __guard_longjmp_count      0000000000000000     <absolute>
 0000:00000000       __guard_longjmp_table      0000000000000000     <absolute>
 0000:00000000       __hybrid_auxiliary_iat     0000000000000000     <absolute>
 0000:00000000       __hybrid_auxiliary_iat_copy 0000000000000000     <absolute>
 0000:00000000       __hybrid_code_map          0000000000000000     <absolute>
 0000:00000000       __hybrid_code_map_count    0000000000000000     <absolute>
 0000:00000000       __x64_code_ranges_to_entry_points 0000000000000000     <absolute>
 0000:00000000       __x64_code_ranges_to_entry_points_count 0000000000000000     <absolute>
 0000:00000100       __guard_flags              0000000000000100     <absolute>
 0000:00000000       __ImageBase                0000000180000000     <linker-defined>
 0001:00000060       ??$copy@V?$PxReflectionAllocator@USlab@NodeAllocator@Gu@physx@@@physx@@@?$PxArray@USlab@NodeAllocator@Gu@physx@@V?$PxReflectionAllocator@USlab@NodeAllocator@Gu@physx@@@4@@physx@@IEAAXAEBV01@@Z 0000000180001060 f i Cooking.obj
 0001:000000e0       ??0AABBTreeBounds@Gu@physx@@QEAA@XZ 00000001800010e0 f i Cooking.obj
 0001:000000f0       ??0AABBTreeBuildNode@Gu@physx@@QEAA@AEBV012@@Z 00000001800010f0 f i Cooking.obj
 0001:000000f0       ??4AABBTreeBuildNode@Gu@physx@@QEAAAEAV012@AEBV012@@Z 00000001800010f0 f i Cooking.obj
 0001:00000130       ??$forward@_K@std@@YA$$QEA_KAEA_K@Z 0000000180001130 f i libvcruntime:undname.obj
 0001:00000130       ??0AABBTreeBuildNode@Gu@physx@@QEAA@XZ 0000000180001130 f i Cooking.obj
 0001:00000130       ??4PxFoundation@physx@@QEAAAEAV01@AEBV01@@Z 0000000180001130 f i Cooking.obj
 0001:00000130       ?getAABB@AABBTreeBuildNode@Gu@physx@@QEBAAEBVPxBounds3@3@XZ 0000000180001130 f i Cooking.obj
 0001:00000140       ??0AABBTreeBuildParams@Gu@physx@@QEAA@IIPEBVAABBTreeBounds@12@W4BVHBuildStrategy@12@@Z 0000000180001140 f i Cooking.obj
 0001:00000160       ??0NodeAllocator@Gu@physx@@QEAA@AEBV012@@Z 0000000180001160 f i Cooking.obj
 0001:000001a0       ??0PxFoundation@physx@@QEAA@AEBV01@@Z 00000001800011a0 f i Cooking.obj
 0001:000001a0       ??0PxFoundation@physx@@QEAA@XZ 00000001800011a0 f i Cooking.obj
 0001:000001b0       ??1AABBTreeBounds@Gu@physx@@QEAA@XZ 00000001800011b0 f i Cooking.obj
 0001:000001c0       ??1AABBTreeBuildNode@Gu@physx@@QEAA@XZ 00000001800011c0 f i Cooking.obj
 0001:000001c0       _guard_check_icall_nop     00000001800011c0 f i LIBCMT:guard_support.obj
 0001:000001d0       ??1AABBTreeBuildParams@Gu@physx@@QEAA@XZ 00000001800011d0 f i Cooking.obj
 0001:000001d0       ?reset@AABBTreeBuildParams@Gu@physx@@QEAAXXZ 00000001800011d0 f i Cooking.obj
 0001:00000220       ??1PxFoundation@physx@@MEAA@XZ 0000000180001220 f i Cooking.obj
 0001:00000230       ??4AABBTreeBounds@Gu@physx@@QEAAAEAV012@AEBV012@@Z 0000000180001230 f i Cooking.obj
 0001:00000240       ??4AABBTreeBuildParams@Gu@physx@@QEAAAEAV012@AEBV012@@Z 0000000180001240 f i Cooking.obj
 0001:00000260       ??4NodeAllocator@Gu@physx@@QEAAAEAV012@AEBV012@@Z 0000000180001260 f i Cooking.obj
 0001:00000310       ??_EPxFoundation@physx@@MEAAPEAXI@Z 0000000180001310 f i Cooking.obj
 0001:000003a0       ??_FAABBTreeBuildParams@Gu@physx@@QEAAXXZ 00000001800013a0 f i Cooking.obj
 0001:000003c0       ?allocate@?$PxArray@USlab@NodeAllocator@Gu@physx@@V?$PxReflectionAllocator@USlab@NodeAllocator@Gu@physx@@@4@@physx@@IEAAPEAUSlab@NodeAllocator@Gu@2@I@Z 00000001800013c0 f i Cooking.obj
 0001:00000450       ?getBounds@AABBTreeBounds@Gu@physx@@QEAAPEAVPxBounds3@3@XZ 0000000180001450 f i Cooking.obj
 0001:00000450       ?getBounds@AABBTreeBounds@Gu@physx@@QEBAPEBVPxBounds3@3@XZ 0000000180001450 f i Cooking.obj
 0001:00000460       ?getNbPrimitives@AABBTreeBuildNode@Gu@physx@@QEBAIXZ 0000000180001460 f i Cooking.obj
 0001:00000460       ?getNbRuntimePrimitives@AABBTreeBuildNode@Gu@physx@@QEBAIXZ 0000000180001460 f i Cooking.obj
 0001:00000470       ?getNeg@AABBTreeBuildNode@Gu@physx@@QEBAPEBV123@XZ 0000000180001470 f i Cooking.obj
 0001:00000490       ?getPos@AABBTreeBuildNode@Gu@physx@@QEBAPEBV123@XZ 0000000180001490 f i Cooking.obj
 0001:000004a0       ?getPrimitives@AABBTreeBuildNode@Gu@physx@@QEAAPEAIPEAI@Z 00000001800014a0 f i Cooking.obj
 0001:000004a0       ?getPrimitives@AABBTreeBuildNode@Gu@physx@@QEBAPEBIPEBI@Z 00000001800014a0 f i Cooking.obj
 0001:000004b0       ?isLeaf@AABBTreeBuildNode@Gu@physx@@QEBA_NXZ 00000001800014b0 f i Cooking.obj
 0001:000004c0       ?moveFrom@AABBTreeBounds@Gu@physx@@QEAAXAEAV123@@Z 00000001800014c0 f i Cooking.obj
 0001:000004d0       ?ownsMemory@AABBTreeBounds@Gu@physx@@QEBA_NXZ 00000001800014d0 f i Cooking.obj
 0001:000004e0       ?recreate@?$PxArray@USlab@NodeAllocator@Gu@physx@@V?$PxReflectionAllocator@USlab@NodeAllocator@Gu@physx@@@4@@physx@@IEAAXI@Z 00000001800014e0 f i Cooking.obj
 0001:00000590       ?setBounds@AABBTreeBounds@Gu@physx@@QEAAXPEAVPxBounds3@3@@Z 0000000180001590 f i Cooking.obj
 0001:000005a0       ?setNbRunTimePrimitives@AABBTreeBuildNode@Gu@physx@@QEAAXI@Z 00000001800015a0 f i Cooking.obj
 0001:000005b0       ?takeOwnership@AABBTreeBounds@Gu@physx@@QEAAXXZ 00000001800015b0 f i Cooking.obj
 0001:000005c0       PxAssembleSoftBodyMesh     00000001800015c0 f   Cooking.obj
 0001:000005d0       PxAssembleSoftBodyMesh_Sim 00000001800015d0 f   Cooking.obj
 0001:000005e0       PxComputeCollisionData     00000001800015e0 f   Cooking.obj
 0001:000005f0       PxComputeHullPolygons      00000001800015f0 f   Cooking.obj
 0001:00000600       PxComputeModelsMapping     0000000180001600 f   Cooking.obj
 0001:00000610       PxComputeSimulationData    0000000180001610 f   Cooking.obj
 0001:00000620       PxCookBVH                  0000000180001620 f   Cooking.obj
 0001:00000630       PxCookConvexMesh           0000000180001630 f   Cooking.obj
 0001:00000640       PxCookHeightField          0000000180001640 f   Cooking.obj
 0001:00000650       PxCookSoftBodyMesh         0000000180001650 f   Cooking.obj
 0001:00000660       PxCookTetrahedronMesh      0000000180001660 f   Cooking.obj
 0001:00000670       PxCookTriangleMesh         0000000180001670 f   Cooking.obj
 0001:00000680       PxCreateBVH                0000000180001680 f   Cooking.obj
 0001:00000690       PxCreateBVHInternal        0000000180001690 f   Cooking.obj
 0001:00000720       PxCreateConvexMesh         0000000180001720 f   Cooking.obj
 0001:00000730       PxCreateHeightField        0000000180001730 f   Cooking.obj
 0001:00000740       PxCreateSoftBodyMesh       0000000180001740 f   Cooking.obj
 0001:00000750       PxCreateTetrahedronMesh    0000000180001750 f   Cooking.obj
 0001:00000760       PxCreateTriangleMesh       0000000180001760 f   Cooking.obj
 0001:00000770       PxCreateTriangleMeshInternal 0000000180001770 f   Cooking.obj
 0001:00000800       PxGetStandaloneInsertionCallback 0000000180001800 f   Cooking.obj
 0001:00000810       PxValidateConvexMesh       0000000180001810 f   Cooking.obj
 0001:00000820       PxValidateTriangleMesh     0000000180001820 f   Cooking.obj
 0001:00000830       ?cookingDelayHook@@YAP6A_JXZIPEAUDelayLoadInfo@@@Z 0000000180001830 f   WindowsCookingDelayLoadHook.obj
 0001:00000910       PxSetPhysXCookingDelayLoadHook 0000000180001910 f   WindowsCookingDelayLoadHook.obj
 0001:00000918       __imp_load_getInsertionCallback 0000000180001918 f   PhysXCommon_64:PhysXCommon_64.dll
 0001:00000924       getInsertionCallback       0000000180001924 f   PhysXCommon_64:PhysXCommon_64.dll
 0001:0000092a       __tailMerge_physxcommon_64_dll 000000018000192a     PhysXCommon_64:PhysXCommon_64.dll
 0001:000009a3       __imp_load_cookBVH         00000001800019a3 f   PhysXCommon_64:PhysXCommon_64.dll
 0001:000009af       cookBVH                    00000001800019af f   PhysXCommon_64:PhysXCommon_64.dll
 0001:000009b5       __imp_load_createBVH       00000001800019b5 f   PhysXCommon_64:PhysXCommon_64.dll
 0001:000009c1       createBVH                  00000001800019c1 f   PhysXCommon_64:PhysXCommon_64.dll
 0001:000009c7       __imp_load_cookHeightField 00000001800019c7 f   PhysXCommon_64:PhysXCommon_64.dll
 0001:000009d3       cookHeightField            00000001800019d3 f   PhysXCommon_64:PhysXCommon_64.dll
 0001:000009d9       __imp_load_createHeightField 00000001800019d9 f   PhysXCommon_64:PhysXCommon_64.dll
 0001:000009e5       createHeightField          00000001800019e5 f   PhysXCommon_64:PhysXCommon_64.dll
 0001:000009eb       __imp_load_cookConvexMesh  00000001800019eb f   PhysXCommon_64:PhysXCommon_64.dll
 0001:000009f7       cookConvexMesh             00000001800019f7 f   PhysXCommon_64:PhysXCommon_64.dll
 0001:000009fd       __imp_load_createConvexMesh 00000001800019fd f   PhysXCommon_64:PhysXCommon_64.dll
 0001:00000a09       createConvexMesh           0000000180001a09 f   PhysXCommon_64:PhysXCommon_64.dll
 0001:00000a0f       __imp_load_validateConvexMesh 0000000180001a0f f   PhysXCommon_64:PhysXCommon_64.dll
 0001:00000a1b       validateConvexMesh         0000000180001a1b f   PhysXCommon_64:PhysXCommon_64.dll
 0001:00000a21       __imp_load_computeHullPolygons 0000000180001a21 f   PhysXCommon_64:PhysXCommon_64.dll
 0001:00000a2d       computeHullPolygons        0000000180001a2d f   PhysXCommon_64:PhysXCommon_64.dll
 0001:00000a33       __imp_load_validateTriangleMesh 0000000180001a33 f   PhysXCommon_64:PhysXCommon_64.dll
 0001:00000a3f       validateTriangleMesh       0000000180001a3f f   PhysXCommon_64:PhysXCommon_64.dll
 0001:00000a45       __imp_load_createTriangleMesh 0000000180001a45 f   PhysXCommon_64:PhysXCommon_64.dll
 0001:00000a51       createTriangleMesh         0000000180001a51 f   PhysXCommon_64:PhysXCommon_64.dll
 0001:00000a57       __imp_load_cookTriangleMesh 0000000180001a57 f   PhysXCommon_64:PhysXCommon_64.dll
 0001:00000a63       cookTriangleMesh           0000000180001a63 f   PhysXCommon_64:PhysXCommon_64.dll
 0001:00000a69       __imp_load_cookTetrahedronMesh 0000000180001a69 f   PhysXCommon_64:PhysXCommon_64.dll
 0001:00000a75       cookTetrahedronMesh        0000000180001a75 f   PhysXCommon_64:PhysXCommon_64.dll
 0001:00000a7b       __imp_load_createTetrahedronMesh 0000000180001a7b f   PhysXCommon_64:PhysXCommon_64.dll
 0001:00000a87       createTetrahedronMesh      0000000180001a87 f   PhysXCommon_64:PhysXCommon_64.dll
 0001:00000a8d       __imp_load_cookSoftBodyMesh 0000000180001a8d f   PhysXCommon_64:PhysXCommon_64.dll
 0001:00000a99       cookSoftBodyMesh           0000000180001a99 f   PhysXCommon_64:PhysXCommon_64.dll
 0001:00000a9f       __imp_load_createSoftBodyMesh 0000000180001a9f f   PhysXCommon_64:PhysXCommon_64.dll
 0001:00000aab       createSoftBodyMesh         0000000180001aab f   PhysXCommon_64:PhysXCommon_64.dll
 0001:00000ab1       __imp_load_computeModelsMapping 0000000180001ab1 f   PhysXCommon_64:PhysXCommon_64.dll
 0001:00000abd       computeModelsMapping       0000000180001abd f   PhysXCommon_64:PhysXCommon_64.dll
 0001:00000ac3       __imp_load_computeCollisionData 0000000180001ac3 f   PhysXCommon_64:PhysXCommon_64.dll
 0001:00000acf       computeCollisionData       0000000180001acf f   PhysXCommon_64:PhysXCommon_64.dll
 0001:00000ad5       __imp_load_computeSimulationData 0000000180001ad5 f   PhysXCommon_64:PhysXCommon_64.dll
 0001:00000ae1       computeSimulationData      0000000180001ae1 f   PhysXCommon_64:PhysXCommon_64.dll
 0001:00000ae7       __imp_load_assembleSoftBodyMesh 0000000180001ae7 f   PhysXCommon_64:PhysXCommon_64.dll
 0001:00000af3       assembleSoftBodyMesh       0000000180001af3 f   PhysXCommon_64:PhysXCommon_64.dll
 0001:00000af9       __imp_load_assembleSoftBodyMesh_Sim 0000000180001af9 f   PhysXCommon_64:PhysXCommon_64.dll
 0001:00000b05       assembleSoftBodyMesh_Sim   0000000180001b05 f   PhysXCommon_64:PhysXCommon_64.dll
 0001:00000b0b       __imp_load_?release@AABBTreeBounds@Gu@physx@@QEAAXXZ 0000000180001b0b f   PhysXCommon_64:PhysXCommon_64.dll
 0001:00000b17       ?release@AABBTreeBounds@Gu@physx@@QEAAXXZ 0000000180001b17 f   PhysXCommon_64:PhysXCommon_64.dll
 0001:00000b1d       __imp_load_??0BVH@Gu@physx@@QEAA@AEBUPxBVHInternalData@2@@Z 0000000180001b1d f   PhysXCommon_64:PhysXCommon_64.dll
 0001:00000b29       ??0BVH@Gu@physx@@QEAA@AEBUPxBVHInternalData@2@@Z 0000000180001b29 f   PhysXCommon_64:PhysXCommon_64.dll
 0001:00000b2f       __imp_load_??0BV4TriangleMesh@Gu@physx@@QEAA@AEBUPxTriangleMeshInternalData@2@@Z 0000000180001b2f f   PhysXCommon_64:PhysXCommon_64.dll
 0001:00000b3b       ??0BV4TriangleMesh@Gu@physx@@QEAA@AEBUPxTriangleMeshInternalData@2@@Z 0000000180001b3b f   PhysXCommon_64:PhysXCommon_64.dll
 0001:00000b41       __imp_load_PxGetBroadcastAllocator 0000000180001b41 f   PhysXFoundation_64:PhysXFoundation_64.dll
 0001:00000b4d       PxGetBroadcastAllocator    0000000180001b4d f   PhysXFoundation_64:PhysXFoundation_64.dll
 0001:00000b53       __tailMerge_physxfoundation_64_dll 0000000180001b53     PhysXFoundation_64:PhysXFoundation_64.dll
 0001:00000bcc       ?DloadAcquireSectionWriteAccess@@YAXXZ 0000000180001bcc f i Delayimp:delayhlp.obj
 0001:00000c78       ?DloadGetSRWLockFunctionPointers@@YAEXZ 0000000180001c78 f i Delayimp:delayhlp.obj
 0001:00000d18       ?DloadMakePermanentImageCommit@@YAXPEAX_K@Z 0000000180001d18 f i Delayimp:delayhlp.obj
 0001:00000db0       ?DloadObtainSection@@YAPEAXPEAK0@Z 0000000180001db0 f i Delayimp:delayhlp.obj
 0001:00000e4c       ?DloadProtectSection@@YAXKPEAK@Z 0000000180001e4c f i Delayimp:delayhlp.obj
 0001:00000edc       ?DloadReleaseSectionWriteAccess@@YAXXZ 0000000180001edc f i Delayimp:delayhlp.obj
 0001:00000f70       __delayLoadHelper2         0000000180001f70 f   Delayimp:delayhlp.obj
 0001:00001248       ??3@YAXPEAX@Z              0000000180002248 f   LIBCMT:delete_scalar.obj
 0001:00001250       ??3@YAXPEAX_K@Z            0000000180002250 f   LIBCMT:delete_scalar_size.obj
 0001:00001250       ??_V@YAXPEAX@Z             0000000180002250 f   LIBCMT:delete_array.obj
 0001:00001258       ??_V@YAXPEAX_K@Z           0000000180002258 f   LIBCMT:delete_array_size.obj
 0001:00001260       ??_Etype_info@@UEAAPEAXI@Z 0000000180002260 f i LIBCMT:std_type_info_static.obj
 0001:00001260       ??_Gtype_info@@UEAAPEAXI@Z 0000000180002260 f i LIBCMT:std_type_info_static.obj
 0001:0000128c       ?__scrt_initialize_type_info@@YAXXZ 000000018000228c f   LIBCMT:tncleanup.obj
 0001:0000129c       ?__scrt_uninitialize_type_info@@YAXXZ 000000018000229c f   LIBCMT:tncleanup.obj
 0001:000015c8       _DllMainCRTStartup         00000001800025c8 f   LIBCMT:dll_dllmain.obj
 0001:00001608       __security_init_cookie     0000000180002608 f   LIBCMT:gs_support.obj
 0001:000016b4       ?length@charNode@@UEBAHXZ  00000001800026b4 f   libvcruntime:undname.obj
 0001:000016b4       ?raw_length@charNode@@UEBAHXZ 00000001800026b4 f   libvcruntime:undname.obj
 0001:000016b4       DllMain                    00000001800026b4 f   LIBCMT:dll_dllmain_stub.obj
 0001:000016b4       _get_startup_argv_mode     00000001800026b4 f   LIBCMT:argv_mode.obj
 0001:000016bc       __local_stdio_printf_options 00000001800026bc f i LIBCMT:default_local_stdio_options.obj
 0001:000016c4       __local_stdio_scanf_options 00000001800026c4 f i LIBCMT:default_local_stdio_options.obj
 0001:000016cc       __scrt_initialize_default_local_stdio_options 00000001800026cc f   LIBCMT:default_local_stdio_options.obj
 0001:000016e8       __scrt_acquire_startup_lock 00000001800026e8 f   LIBCMT:utility.obj
 0001:00001724       __scrt_dllmain_after_initialize_c 0000000180002724 f   LIBCMT:utility.obj
 0001:00001758       __scrt_dllmain_before_initialize_c 0000000180002758 f   LIBCMT:utility.obj
 0001:00001770       __scrt_dllmain_crt_thread_attach 0000000180002770 f   LIBCMT:utility.obj
 0001:00001798       __scrt_dllmain_crt_thread_detach 0000000180002798 f   LIBCMT:utility.obj
 0001:000017b0       __scrt_dllmain_exception_filter 00000001800027b0 f   LIBCMT:utility.obj
 0001:00001810       __scrt_dllmain_uninitialize_c 0000000180002810 f   LIBCMT:utility.obj
 0001:00001840       __scrt_dllmain_uninitialize_critical 0000000180002840 f   LIBCMT:utility.obj
 0001:00001854       __scrt_initialize_crt      0000000180002854 f   LIBCMT:utility.obj
 0001:000018a0       __scrt_initialize_onexit_tables 00000001800028a0 f   LIBCMT:utility.obj
 0001:0000192c       __scrt_is_nonwritable_in_current_image 000000018000292c f   LIBCMT:utility.obj
 0001:000019c4       __scrt_release_startup_lock 00000001800029c4 f   LIBCMT:utility.obj
 0001:000019e8       __scrt_uninitialize_crt    00000001800029e8 f   LIBCMT:utility.obj
 0001:00001a14       __scrt_get_dyn_tls_init_callback 0000000180002a14 f   LIBCMT:dyn_tls_init.obj
 0001:00001a1c       __crt_debugger_hook        0000000180002a1c f   LIBCMT:utility_desktop.obj
 0001:00001a24       __scrt_fastfail            0000000180002a24 f   LIBCMT:utility_desktop.obj
 0001:00001b70       _RTC_Initialize            0000000180002b70 f   LIBCMT:initsect.obj
 0001:00001bac       _RTC_Terminate             0000000180002bac f   LIBCMT:initsect.obj
 0001:00001bf0       __isa_available_init       0000000180002bf0 f   LIBCMT:cpu_disp.obj
 0001:00001d9c       __scrt_is_ucrt_dll_in_use  0000000180002d9c f   LIBCMT:ucrt_detection.obj
 0001:00001da8       _get_purecall_handler      0000000180002da8 f   libvcruntime:purevirt.obj
 0001:00001db4       _purecall                  0000000180002db4 f   libvcruntime:purevirt.obj
 0001:00001dd8       __std_type_info_compare    0000000180002dd8 f   libvcruntime:std_type_info.obj
 0001:00001e00       __std_type_info_destroy_list 0000000180002e00 f   libvcruntime:std_type_info.obj
 0001:00001e2c       __std_type_info_name       0000000180002e2c f   libvcruntime:std_type_info.obj
 0001:00001f44       strstr                     0000000180002f44 f   libvcruntime:strstr.obj
 0001:0000213c       __C_specific_handler       000000018000313c f   libvcruntime:riscchandler.obj
 0001:00002334       __vcrt_initialize          0000000180003334 f   libvcruntime:initialization.obj
 0001:0000235c       __vcrt_thread_attach       000000018000335c f   libvcruntime:initialization.obj
 0001:00002370       __vcrt_thread_detach       0000000180003370 f   libvcruntime:initialization.obj
 0001:00002384       __vcrt_uninitialize        0000000180003384 f   libvcruntime:initialization.obj
 0001:000023a0       __vcrt_uninitialize_critical 00000001800033a0 f   libvcruntime:initialization.obj
 0001:000023b0       __DestructExceptionObject  00000001800033b0 f   libvcruntime:ehhelpers.obj
 0001:00002420       ?_CallMemberFunction0@@YAXQEAX0@Z 0000000180003420 f i libvcruntime:ehhelpers.obj
 0001:00002424       _IsExceptionObjectToBeDestroyed 0000000180003424 f   libvcruntime:ehhelpers.obj
 0001:00002454       __AdjustPointer            0000000180003454 f   libvcruntime:ehhelpers.obj
 0001:00002478       __FrameUnwindFilter        0000000180003478 f   libvcruntime:ehhelpers.obj
 0001:000024f0       memset_repstos             00000001800034f0 f   libvcruntime:memset.obj
 0001:00002510       memset                     0000000180003510 f   libvcruntime:memset.obj
 0001:00002898       ??$?0$00@DName@@QEAA@PEBDU?$StringLifeSelector@$00@@@Z 0000000180003898 f i libvcruntime:undname.obj
 0001:000028d8       ??$?0$01@DName@@QEAA@PEBDU?$StringLifeSelector@$01@@@Z 00000001800038d8 f i libvcruntime:undname.obj
 0001:000028d8       ??$?0$0A@@DName@@QEAA@PEBDU?$StringLifeSelector@$0A@@@@Z 00000001800038d8 f i libvcruntime:undname.obj
 0001:00002918       ??$?0$01@pcharNode@@QEAA@PEBDHU?$StringLifeSelector@$01@@@Z 0000000180003918 f i libvcruntime:undname.obj
 0001:00002918       ??$?0$0A@@pcharNode@@QEAA@PEBDHU?$StringLifeSelector@$0A@@@@Z 0000000180003918 f i libvcruntime:undname.obj
 0001:0000298c       ??$append@VDNameNode@@@DName@@AEAAXPEBVDNameNode@@@Z 000000018000398c f i libvcruntime:undname.obj
 0001:0000298c       ??$append@VDNameStatusNode@@@DName@@AEAAXPEBVDNameStatusNode@@@Z 000000018000398c f i libvcruntime:undname.obj
 0001:0000298c       ??$append@VcharNode@@@DName@@AEAAXPEBVcharNode@@@Z 000000018000398c f i libvcruntime:undname.obj
 0001:0000298c       ??$append@VpcharNode@@@DName@@AEAAXPEBVpcharNode@@@Z 000000018000398c f i libvcruntime:undname.obj
 0001:000029f0       ??$doPchar@$00@DName@@AEAAXPEBDH@Z 00000001800039f0 f i libvcruntime:undname.obj
 0001:00002a94       ??$doPchar@$01@DName@@AEAAXPEBDH@Z 0000000180003a94 f i libvcruntime:undname.obj
 0001:00002a94       ??$doPchar@$0A@@DName@@AEAAXPEBDH@Z 0000000180003a94 f i libvcruntime:undname.obj
 0001:00002b2c       ??0DName@@QEAA@AEAPEBDD@Z  0000000180003b2c f   libvcruntime:undname.obj
 0001:00002bdc       ??0DName@@QEAA@AEBUStringLiteral@@@Z 0000000180003bdc f   libvcruntime:undname.obj
 0001:00002c08       ??0DName@@QEAA@PEAV0@@Z    0000000180003c08 f   libvcruntime:undname.obj
 0001:00002c8c       ??0DName@@QEAA@_J@Z        0000000180003c8c f   libvcruntime:undname.obj
 0001:00002d34       ??0DName@@QEAA@_K@Z        0000000180003d34 f   libvcruntime:undname.obj
 0001:00002dc4       ??2@YAPEAX_KAEAV_HeapManager@@H@Z 0000000180003dc4 f   libvcruntime:undname.obj
 0001:00002df0       ??4DName@@QEAAAEAV0@W4DNameStatus@@@Z 0000000180003df0 f   libvcruntime:undname.obj
 0001:00002e20       ??AReplicator@@QEBA?AVDName@@H@Z 0000000180003e20 f   libvcruntime:undname.obj
 0001:00002e60       ??HDName@@QEBA?AV0@AEBUStringLiteral@@@Z 0000000180003e60 f   libvcruntime:undname.obj
 0001:00002e8c       ??HDName@@QEBA?AV0@AEBV0@@Z 0000000180003e8c f   libvcruntime:undname.obj
 0001:00002eb8       ??HDName@@QEBA?AV0@D@Z     0000000180003eb8 f   libvcruntime:undname.obj
 0001:00002ee4       ??HDName@@QEBA?AV0@W4DNameStatus@@@Z 0000000180003ee4 f   libvcruntime:undname.obj
 0001:00002f10       ??YDName@@QEAAAEAV0@AEBUStringLiteral@@@Z 0000000180003f10 f   libvcruntime:undname.obj
 0001:00002f90       ??YDName@@QEAAAEAV0@AEBV0@@Z 0000000180003f90 f   libvcruntime:undname.obj
 0001:00002fe8       ??YDName@@QEAAAEAV0@D@Z    0000000180003fe8 f   libvcruntime:undname.obj
 0001:00003054       ??YDName@@QEAAAEAV0@W4DNameStatus@@@Z 0000000180004054 f   libvcruntime:undname.obj
 0001:000030ac       ??YReplicator@@QEAAAEAV0@AEBVDName@@@Z 00000001800040ac f   libvcruntime:undname.obj
 0001:00003104       ?UScore@UnDecorator@@SA?AUStringLiteral@@W4Tokens@@@Z 0000000180004104 f   libvcruntime:undname.obj
 0001:00003150       ?composeDeclaration@UnDecorator@@CA?AVDName@@AEBV2@@Z 0000000180004150 f i libvcruntime:undname.obj
 0001:00004044       ?doPchar@DName@@AEAAXD@Z   0000000180005044 f   libvcruntime:undname.obj
 0001:00004094       ?getAddressOf@UnDecorator@@CA?AVDName@@XZ 0000000180005094 f   libvcruntime:undname.obj
 0001:00004124       ?getArgumentList@UnDecorator@@CA?AVDName@@XZ 0000000180005124 f   libvcruntime:undname.obj
 0001:000042d8       ?getArgumentTypes@UnDecorator@@CA?AVDName@@XZ 00000001800052d8 f   libvcruntime:undname.obj
 0001:00004424       ?getArrayAccess@UnDecorator@@CA?AVDName@@XZ 0000000180005424 f   libvcruntime:undname.obj
 0001:000044c0       ?getArrayObject@UnDecorator@@CA?AVDName@@XZ 00000001800054c0 f   libvcruntime:undname.obj
 0001:0000457c       ?getArrayType@UnDecorator@@CA?AVDName@@AEBV2@@Z 000000018000557c f i libvcruntime:undname.obj
 0001:000047c4       ?getBasedType@UnDecorator@@CA?AVDName@@XZ 00000001800057c4 f   libvcruntime:undname.obj
 0001:000048bc       ?getBasicDataType@UnDecorator@@CA?AVDName@@AEBV2@@Z 00000001800058bc f   libvcruntime:undname.obj
 0001:00004ec0       ?getCallingConvention@UnDecorator@@CA?AVDName@@XZ 0000000180005ec0 f   libvcruntime:undname.obj
 0001:00004ff8       ?getDataIndirectType@UnDecorator@@CA?AVDName@@AEBV2@W4IndirectionKind@@0H@Z 0000000180005ff8 f   libvcruntime:undname.obj
 0001:0000591c       ?getDataType@UnDecorator@@CA?AVDName@@PEAV2@@Z 000000018000691c f   libvcruntime:undname.obj
 0001:00005a30       ?getDecoratedName@UnDecorator@@CA?AVDName@@XZ 0000000180006a30 f   libvcruntime:undname.obj
 0001:00005d18       ?getDimension@UnDecorator@@CA?AVDName@@_N@Z 0000000180006d18 f   libvcruntime:undname.obj
 0001:00005e60       ?getDispatchTarget@UnDecorator@@CA?AVDName@@XZ 0000000180006e60 f   libvcruntime:undname.obj
 0001:00005ec0       ?getECSUDataType@UnDecorator@@CA?AVDName@@XZ 0000000180006ec0 f   libvcruntime:undname.obj
 0001:000060bc       ?getEnumType@UnDecorator@@CA?AVDName@@XZ 00000001800070bc f i libvcruntime:undname.obj
 0001:000061ec       ?getExtendedDataIndirectType@UnDecorator@@CA?AVDName@@AEAW4IndirectionKind@@AEA_NH@Z 00000001800071ec f   libvcruntime:undname.obj
 0001:000063f0       ?getExternalDataType@UnDecorator@@CA?AVDName@@AEBV2@@Z 00000001800073f0 f i libvcruntime:undname.obj
 0001:000064b0       ?getFloatingPoint@UnDecorator@@CA?AVDName@@H@Z 00000001800074b0 f   libvcruntime:undname.obj
 0001:00006618       ?getFunctionIndirectType@UnDecorator@@CA?AVDName@@AEBV2@@Z 0000000180007618 f   libvcruntime:undname.obj
 0001:00006b4c       ?getLastChar@DNameStatusNode@@UEBADXZ 0000000180007b4c f i libvcruntime:undname.obj
 0001:00006b58       ?getLastChar@charNode@@UEBADXZ 0000000180007b58 f i libvcruntime:undname.obj
 0001:00006b5c       ?getLastChar@pDNameNode@@UEBADXZ 0000000180007b5c f i libvcruntime:undname.obj
 0001:00006b88       ?getLastChar@pairNode@@UEBADXZ 0000000180007b88 f i libvcruntime:undname.obj
 0001:00006bc0       ?getLastChar@pcharNode@@UEBADXZ 0000000180007bc0 f i libvcruntime:undname.obj
 0001:00006bd4       ?getLexicalFrame@UnDecorator@@CA?AVDName@@XZ 0000000180007bd4 f i libvcruntime:undname.obj
 0001:00006c38       ?getMemberAccess@UnDecorator@@CA?AVDName@@XZ 0000000180007c38 f   libvcruntime:undname.obj
 0001:00006ccc       ?getMemoryWithBuffer@_HeapManager@@QEAAPEAX_K@Z 0000000180007ccc f   libvcruntime:undname.obj
 0001:00006d5c       ?getNoexcept@UnDecorator@@CA?AVDName@@XZ 0000000180007d5c f   libvcruntime:undname.obj
 0001:00006dc0       ?getNumberOfDimensions@UnDecorator@@CAHXZ 0000000180007dc0 f   libvcruntime:undname.obj
 0001:00006e28       ?getOperatorName@UnDecorator@@CA?AVDName@@_NPEA_N@Z 0000000180007e28 f i libvcruntime:undname.obj
 0001:000077d8       ?getPointerToMember@UnDecorator@@CA?AVDName@@XZ 00000001800087d8 f   libvcruntime:undname.obj
 0001:000078d0       ?getPrimaryDataType@UnDecorator@@CA?AVDName@@AEBV2@@Z 00000001800088d0 f   libvcruntime:undname.obj
 0001:00007b88       ?getPtrRefDataType@UnDecorator@@CA?AVDName@@AEBV2@H@Z 0000000180008b88 f   libvcruntime:undname.obj
 0001:00007d54       ?getPtrRefType@UnDecorator@@CA?AVDName@@AEBV2@0W4IndirectionKind@@@Z 0000000180008d54 f   libvcruntime:undname.obj
 0001:00007f2c       ?getRestrictionSpec@UnDecorator@@CA?AVDName@@XZ 0000000180008f2c f   libvcruntime:undname.obj
 0001:00008108       ?getReturnType@UnDecorator@@CA?AVDName@@PEAV2@@Z 0000000180009108 f   libvcruntime:undname.obj
 0001:0000813c       ?getScope@UnDecorator@@CA?AVDName@@XZ 000000018000913c f   libvcruntime:undname.obj
 0001:000085f8       ?getScopedName@UnDecorator@@CA?AVDName@@XZ 00000001800095f8 f   libvcruntime:undname.obj
 0001:00008738       ?getSignedDimension@UnDecorator@@CA?AVDName@@XZ 0000000180009738 f   libvcruntime:undname.obj
 0001:000087c0       ?getString@DNameStatusNode@@UEBAPEADPEAD0@Z 00000001800097c0 f i libvcruntime:undname.obj
 0001:00008808       ?getString@charNode@@UEBAPEADPEAD0@Z 0000000180009808 f i libvcruntime:undname.obj
 0001:0000881c       ?getString@pDNameNode@@UEBAPEADPEAD0@Z 000000018000981c f i libvcruntime:undname.obj
 0001:0000884c       ?getString@pairNode@@UEBAPEADPEAD0@Z 000000018000984c f i libvcruntime:undname.obj
 0001:00008898       ?getString@pcharNode@@UEBAPEADPEAD0@Z 0000000180009898 f i libvcruntime:undname.obj
 0001:000088d0       ?getStringEncoding@UnDecorator@@CA?AVDName@@W4PrefixKind@@H@Z 00000001800098d0 f   libvcruntime:undname.obj
 0001:000089e0       ?getStringObject@UnDecorator@@CA?AVDName@@XZ 00000001800099e0 f   libvcruntime:undname.obj
 0001:00008a48       ?getSymbolName@UnDecorator@@CA?AVDName@@XZ 0000000180009a48 f i libvcruntime:undname.obj
 0001:00008a94       ?getTemplateArgumentList@UnDecorator@@CA?AVDName@@XZ 0000000180009a94 f   libvcruntime:undname.obj
 0001:00008cb0       ?getTemplateName@UnDecorator@@CA?AVDName@@_N@Z 0000000180009cb0 f   libvcruntime:undname.obj
 0001:00008f44       ?getTemplateNonTypeArgument@UnDecorator@@CA?AVDName@@XZ 0000000180009f44 f   libvcruntime:undname.obj
 0001:00009494       ?getTemplateTypeArgument@UnDecorator@@CA?AVDName@@XZ 000000018000a494 f   libvcruntime:undname.obj
 0001:000095fc       ?getThrowTypes@UnDecorator@@CA?AVDName@@XZ 000000018000a5fc f   libvcruntime:undname.obj
 0001:00009620       ?getTypeEncoding@UnDecorator@@CAHXZ 000000018000a620 f i libvcruntime:undname.obj
 0001:000099dc       ?getUndecoratedName@UnDecorator@@QEAAPEADPEADH@Z 000000018000a9dc f i libvcruntime:undname.obj
 0001:00009b30       ?getUnionObject@UnDecorator@@CA?AVDName@@XZ 000000018000ab30 f   libvcruntime:undname.obj
 0001:00009c08       ?getVCallThunkType@UnDecorator@@CA?AVDName@@XZ 000000018000ac08 f i libvcruntime:undname.obj
 0001:00009c80       ?getValue@UnDecorator@@CA?AV?$optional@_K@std@@XZ 000000018000ac80 f   libvcruntime:undname.obj
 0001:00009cf4       ?getValueObject@UnDecorator@@CA?AVDName@@XZ 000000018000acf4 f   libvcruntime:undname.obj
 0001:00009e34       ?getVdispMapType@UnDecorator@@CA?AVDName@@AEBV2@@Z 000000018000ae34 f i libvcruntime:undname.obj
 0001:00009eb0       ?getVfTableType@UnDecorator@@CA?AVDName@@AEBV2@@Z 000000018000aeb0 f i libvcruntime:undname.obj
 0001:0000a0bc       ?getZName@UnDecorator@@CA?AVDName@@_N0@Z 000000018000b0bc f   libvcruntime:undname.obj
 0001:0000a390       ?length@DNameStatusNode@@UEBAHXZ 000000018000b390 f i libvcruntime:undname.obj
 0001:0000a390       ?raw_length@DNameStatusNode@@UEBAHXZ 000000018000b390 f i libvcruntime:undname.obj
 0001:0000a394       ?length@pDNameNode@@UEBAHXZ 000000018000b394 f i libvcruntime:undname.obj
 0001:0000a3bc       ?length@pairNode@@UEBAHXZ  000000018000b3bc f i libvcruntime:undname.obj
 0001:0000a404       ?length@pcharNode@@UEBAHXZ 000000018000b404 f i libvcruntime:undname.obj
 0001:0000a404       ?raw_length@pcharNode@@UEBAHXZ 000000018000b404 f i libvcruntime:undname.obj
 0001:0000a408       ?parseDecoratedName@UnDecorator@@CA?AVDName@@XZ 000000018000b408 f   libvcruntime:undname.obj
 0001:0000a520       ?raw_length@pDNameNode@@UEBAHXZ 000000018000b520 f i libvcruntime:undname.obj
 0001:0000a524       ?raw_length@pairNode@@UEBAHXZ 000000018000b524 f i libvcruntime:undname.obj
 0001:0000a528       __unDName                  000000018000b528 f   libvcruntime:undname.obj
 0001:0000a550       __unDNameEx                000000018000b550 f   libvcruntime:undname.obj
 0001:0000a684       snprintf                   000000018000b684 f i libvcruntime:undname.obj
 0001:0000a6dc       sprintf_s                  000000018000b6dc f i libvcruntime:undname.obj
 0001:0000a740       _NLG_Notify                000000018000b740 f   libvcruntime:notify.obj
 0001:0000a760       __NLG_Dispatch2            000000018000b760 f   libvcruntime:notify.obj
 0001:0000a770       __NLG_Return2              000000018000b770 f   libvcruntime:notify.obj
 0001:0000a774       __except_validate_context_record 000000018000b774 f   libvcruntime:jbcxrval.obj
 0001:0000a7c0       memcpy_repmovs             000000018000b7c0 f   libvcruntime:memcpy.obj
 0001:0000a7e0       memcpy                     000000018000b7e0 f   libvcruntime:memcpy.obj
 0001:0000a7e0       memmove                    000000018000b7e0 f   libvcruntime:memcpy.obj
 0001:0000ae58       __vcrt_freefls             000000018000be58 f   libvcruntime:per_thread_data.obj
 0001:0000ae78       __vcrt_freeptd             000000018000be78 f   libvcruntime:per_thread_data.obj
 0001:0000aec8       __vcrt_getptd              000000018000bec8 f   libvcruntime:per_thread_data.obj
 0001:0000aee4       __vcrt_getptd_noexit       000000018000bee4 f   libvcruntime:per_thread_data.obj
 0001:0000afa4       __vcrt_initialize_ptd      000000018000bfa4 f   libvcruntime:per_thread_data.obj
 0001:0000afec       __vcrt_uninitialize_ptd    000000018000bfec f   libvcruntime:per_thread_data.obj
 0001:0000b010       __vcrt_initialize_locks    000000018000c010 f   libvcruntime:locks.obj
 0001:0000b058       __vcrt_lock                000000018000c058 f   libvcruntime:locks.obj
 0001:0000b074       __vcrt_uninitialize_locks  000000018000c074 f   libvcruntime:locks.obj
 0001:0000b0ac       __vcrt_unlock              000000018000c0ac f   libvcruntime:locks.obj
 0001:0000b0c8       ??$_CallSETranslator@V__FrameHandler4@@@@YAHPEAUEHExceptionRecord@@PEA_KPEAU_CONTEXT@@PEAU_xDISPATCHER_CONTEXT@@PEAUFuncInfo4@FH4@@K1H@Z 000000018000c0c8 f i libvcruntime:risctrnsctrl.obj
 0001:0000b11c       ?DecompFuncInfo@FH4@@YA_JPEAEAEAUFuncInfo4@1@_KH_N@Z 000000018000c11c f i libvcruntime:risctrnsctrl.obj
 0001:0000b240       ?ExecutionInCatch@__FrameHandler4@@SA_NPEAU_xDISPATCHER_CONTEXT@@PEAUFuncInfo4@FH4@@@Z 000000018000c240 f   libvcruntime:risctrnsctrl.obj
 0001:0000b248       ?FrameUnwindToEmptyState@__FrameHandler4@@SAXPEA_KPEAU_xDISPATCHER_CONTEXT@@PEAUFuncInfo4@FH4@@@Z 000000018000c248 f   libvcruntime:risctrnsctrl.obj
 0001:0000b27c       ?GetEstablisherFrame@__FrameHandler4@@SAPEA_KPEA_KPEAU_xDISPATCHER_CONTEXT@@PEAUFuncInfo4@FH4@@0@Z 000000018000c27c f   libvcruntime:risctrnsctrl.obj
 0001:0000b2a0       ?GetRangeOfTrysToCheck@__FrameHandler4@@SA?AU?$pair@Viterator@TryBlockMap4@FH4@@V123@@std@@AEAVTryBlockMap4@FH4@@HPEAU_xDISPATCHER_CONTEXT@@PEAUFuncInfo4@5@H@Z 000000018000c2a0 f   libvcruntime:risctrnsctrl.obj
 0001:0000b40c       ?UnwindNestedFrames@__FrameHandler4@@SAXPEA_KPEAUEHExceptionRecord@@PEAU_CONTEXT@@0PEAXPEAUFuncInfo4@FH4@@HHPEAUHandlerType4@5@PEAU_xDISPATCHER_CONTEXT@@E@Z 000000018000c40c f   libvcruntime:risctrnsctrl.obj
 0001:0000b52c       ?setBuffer@TryBlockMap4@FH4@@QEAAXViterator@12@@Z 000000018000c52c f i libvcruntime:risctrnsctrl.obj
 0001:0000b6f0       _CreateFrameInfo           000000018000c6f0 f   libvcruntime:risctrnsctrl.obj
 0001:0000b72c       _FindAndUnlinkFrame        000000018000c72c f   libvcruntime:risctrnsctrl.obj
 0001:0000b780       _GetImageBase              000000018000c780 f   libvcruntime:risctrnsctrl.obj
 0001:0000b794       _GetThrowImageBase         000000018000c794 f   libvcruntime:risctrnsctrl.obj
 0001:0000b7a8       _SetImageBase              000000018000c7a8 f   libvcruntime:risctrnsctrl.obj
 0001:0000b7c0       _SetThrowImageBase         000000018000c7c0 f   libvcruntime:risctrnsctrl.obj
 0001:0000b7d8       __CxxFrameHandler4         000000018000c7d8 f   libvcruntime:risctrnsctrl.obj
 0001:0000b9e8       __vcrt_FlsAlloc            000000018000c9e8 f   libvcruntime:winapi_downlevel.obj
 0001:0000ba30       __vcrt_FlsFree             000000018000ca30 f   libvcruntime:winapi_downlevel.obj
 0001:0000ba78       __vcrt_FlsGetValue         000000018000ca78 f   libvcruntime:winapi_downlevel.obj
 0001:0000bac0       __vcrt_FlsSetValue         000000018000cac0 f   libvcruntime:winapi_downlevel.obj
 0001:0000bb14       __vcrt_InitializeCriticalSectionEx 000000018000cb14 f   libvcruntime:winapi_downlevel.obj
 0001:0000bb78       ?StateFromControlPc@__FrameHandler4@@SAHPEAUFuncInfo4@FH4@@PEAU_xDISPATCHER_CONTEXT@@@Z 000000018000cb78 f   libvcruntime:ehstate.obj
 0001:0000bb80       ?StateFromIp@__FrameHandler4@@SAHPEAUFuncInfo4@FH4@@PEAU_xDISPATCHER_CONTEXT@@_K@Z 000000018000cb80 f   libvcruntime:ehstate.obj
 0001:0000c7f8       ??$TypeMatchHelper@V__FrameHandler3@@@@YAHPEBU_s_HandlerType@@PEBU_s_CatchableType@@PEBU_s_ThrowInfo@@@Z 000000018000d7f8 f i libvcruntime:frame.obj
 0001:0000c938       ??$TypeMatchHelper@V__FrameHandler4@@@@YAHPEAUHandlerType4@FH4@@PEBU_s_CatchableType@@PEBU_s_ThrowInfo@@@Z 000000018000d938 f i libvcruntime:frame.obj
 0001:0000ca7c       ??$__InternalCxxFrameHandler@V__FrameHandler4@@@@YA?AW4_EXCEPTION_DISPOSITION@@PEAUEHExceptionRecord@@PEA_KPEAU_CONTEXT@@PEAU_xDISPATCHER_CONTEXT@@PEAUFuncInfo4@FH4@@H1E@Z 000000018000da7c f i libvcruntime:frame.obj
 0001:0000cd10       ??$__InternalCxxFrameHandlerWrapper@V__FrameHandler4@@@@YA?AW4_EXCEPTION_DISPOSITION@@PEAUEHExceptionRecord@@PEA_KPEAU_CONTEXT@@PEAU_xDISPATCHER_CONTEXT@@PEAUFuncInfo4@FH4@@H1E@Z 000000018000dd10 f i libvcruntime:frame.obj
 0001:0000cd6c       ??0HandlerMap4@FH4@@QEAA@PEBUTryBlockMapEntry4@1@_KH@Z 000000018000dd6c f i libvcruntime:frame.obj
 0001:0000cde8       ??0TryBlockMap4@FH4@@QEAA@PEBUFuncInfo4@1@_K@Z 000000018000dde8 f i libvcruntime:frame.obj
 0001:0000cec0       ??0bad_exception@std@@QEAA@AEBV01@@Z 000000018000dec0 f i libvcruntime:frame.obj
 0001:0000cefc       ??0bad_exception@std@@QEAA@XZ 000000018000defc f i libvcruntime:frame.obj
 0001:0000cf1c       ??0exception@std@@QEAA@AEBV01@@Z 000000018000df1c f i libvcruntime:frame.obj
 0001:0000cf50       ??1bad_exception@std@@UEAA@XZ 000000018000df50 f i libvcruntime:frame.obj
 0001:0000cf64       ??_Ebad_exception@std@@UEAAPEAXI@Z 000000018000df64 f i libvcruntime:frame.obj
 0001:0000cf64       ??_Eexception@std@@UEAAPEAXI@Z 000000018000df64 f i libvcruntime:frame.obj
 0001:0000cf64       ??_Gbad_exception@std@@UEAAPEAXI@Z 000000018000df64 f i libvcruntime:frame.obj
 0001:0000cf64       ??_Gexception@std@@UEAAPEAXI@Z 000000018000df64 f i libvcruntime:frame.obj
 0001:0000cfa8       ?CxxCallCatchBlock@__FrameHandler4@@SAPEAXPEAU_EXCEPTION_RECORD@@@Z 000000018000dfa8 f   libvcruntime:frame.obj
 0001:0000d1f8       ?DecompHandler@HandlerMap4@FH4@@AEAAXXZ 000000018000e1f8 f i libvcruntime:frame.obj
 0001:0000d444       ?FrameUnwindToState@__FrameHandler4@@SAXPEA_KPEAU_xDISPATCHER_CONTEXT@@PEAUFuncInfo4@FH4@@H@Z 000000018000e444 f   libvcruntime:frame.obj
 0001:0000d8b8       ?ReadEntry@UWMap4@FH4@@AEAAXPEAPEAE@Z 000000018000e8b8 f i libvcruntime:frame.obj
 0001:0000d954       ?_CallMemberFunction1@@YAXQEAX00@Z 000000018000e954 f i libvcruntime:frame.obj
 0001:0000d960       ?_CallMemberFunction2@@YAXQEAX00H@Z 000000018000e960 f i libvcruntime:frame.obj
 0001:0000d970       ?getStartStop@UWMap4@FH4@@QEAAXHHAEAViterator@12@0@Z 000000018000e970 f i libvcruntime:frame.obj
 0001:0000da40       ?getStateFromIterators@UWMap4@FH4@@SAHAEBViterator@12@H0H0@Z 000000018000ea40 f i libvcruntime:frame.obj
 0001:0000daf0       ?what@exception@std@@UEBAPEBDXZ 000000018000eaf0 f i libvcruntime:frame.obj
 0001:0000db20       _CallSettingFrame          000000018000eb20 f   libvcruntime:handlers.obj
 0001:0000db70       _CallSettingFrame_LookupContinuationIndex 000000018000eb70 f   libvcruntime:handlers.obj
 0001:0000dba0       _CallSettingFrame_NotifyContinuationAddr 000000018000eba0 f   libvcruntime:handlers.obj
 0001:0000dbd0       _CallSettingFrameEncoded   000000018000ebd0 f   libvcruntime:handlers.obj
 0001:0000dc18       __std_exception_copy       000000018000ec18 f   libvcruntime:std_exception.obj
 0001:0000dca8       __std_exception_destroy    000000018000eca8 f   libvcruntime:std_exception.obj
 0001:0000dcd0       _CxxThrowException         000000018000ecd0 f   libvcruntime:throw.obj
 0001:0000dd70       _local_unwind              000000018000ed70 f   libvcruntime:jmpuwind.obj
 0001:0000dd9c       free                       000000018000ed9c f   libucrt:free.obj
 0001:0000ddb0       _initterm                  000000018000edb0 f   libucrt:initterm.obj
 0001:0000de14       _initterm_e                000000018000ee14 f   libucrt:initterm.obj
 0001:0000de54       _seh_filter_dll            000000018000ee54 f   libucrt:exception_filter.obj
 0001:0000de68       _seh_filter_exe            000000018000ee68 f   libucrt:exception_filter.obj
 0001:0000e258       __acrt_initialize_thread_local_exit_callback 000000018000f258 f   libucrt:exit.obj
 0001:0000e260       _cexit                     000000018000f260 f   libucrt:exit.obj
 0001:0000e270       _exit                      000000018000f270 f   libucrt:exit.obj
 0001:0000e27c       _is_c_termination_complete 000000018000f27c f   libucrt:exit.obj
 0001:0000e444       __acrt_allocate_buffer_for_argv 000000018000f444 f   libucrt:argv_parsing.obj
 0001:0000e4a4       _configure_narrow_argv     000000018000f4a4 f   libucrt:argv_parsing.obj
 0001:0000e81c       __dcrt_uninitialize_environments_nolock 000000018000f81c f   libucrt:environment_initialization.obj
 0001:0000e854       _initialize_narrow_environment 000000018000f854 f   libucrt:environment_initialization.obj
 0001:0000e9b0       _execute_onexit_table      000000018000f9b0 f   libucrt:onexit.obj
 0001:0000e9ec       _initialize_onexit_table   000000018000f9ec f   libucrt:onexit.obj
 0001:0000ea4c       __acrt_uninitialize_command_line 000000018000fa4c f   libucrt:argv_data.obj
 0001:0000eb44       __acrt_initialize          000000018000fb44 f   libucrt:initialization.obj
 0001:0000eb58       __acrt_thread_attach       000000018000fb58 f   libucrt:initialization.obj
 0001:0000eb6c       __acrt_thread_detach       000000018000fb6c f   libucrt:initialization.obj
 0001:0000eb7c       __acrt_uninitialize        000000018000fb7c f   libucrt:initialization.obj
 0001:0000ebb4       __acrt_uninitialize_critical 000000018000fbb4 f   libucrt:initialization.obj
 0001:0000ebc4       terminate                  000000018000fbc4 f   libucrt:terminate.obj
 0001:0000ebe4       abort                      000000018000fbe4 f   libucrt:abort.obj
 0001:0000ec3c       malloc                     000000018000fc3c f   libucrt:malloc.obj
 0001:0000ec44       strcpy_s                   000000018000fc44 f   libucrt:strcpy_s.obj
 0001:0000f03c       ??$ensure_buffer_is_big_enough@D@formatting_buffer@__crt_stdio_output@@QEAA_N_K@Z 000000018001003c f i libucrt:output.obj
 0001:0000f0e4       ??$type_case_integer_parse_into_buffer@I@?$output_processor@DV?$string_output_adapter@D@__crt_stdio_output@@V?$format_validation_base@DV?$string_output_adapter@D@__crt_stdio_output@@@2@@__crt_stdio_output@@AEAAXII_N@Z 00000001800100e4 f i libucrt:output.obj
 0001:0000f0e4       ??$type_case_integer_parse_into_buffer@I@?$output_processor@DV?$string_output_adapter@D@__crt_stdio_output@@V?$standard_base@DV?$string_output_adapter@D@__crt_stdio_output@@@2@@__crt_stdio_output@@AEAAXII_N@Z 00000001800100e4 f i libucrt:output.obj
 0001:0000f16c       ??$type_case_integer_parse_into_buffer@_K@?$output_processor@DV?$string_output_adapter@D@__crt_stdio_output@@V?$format_validation_base@DV?$string_output_adapter@D@__crt_stdio_output@@@2@@__crt_stdio_output@@AEAAX_KI_N@Z 000000018001016c f i libucrt:output.obj
 0001:0000f16c       ??$type_case_integer_parse_into_buffer@_K@?$output_processor@DV?$string_output_adapter@D@__crt_stdio_output@@V?$standard_base@DV?$string_output_adapter@D@__crt_stdio_output@@@2@@__crt_stdio_output@@AEAAX_KI_N@Z 000000018001016c f i libucrt:output.obj
 0001:0000f1fc       ??$write_multiple_characters@V?$string_output_adapter@D@__crt_stdio_output@@D@__crt_stdio_output@@YAXAEBV?$string_output_adapter@D@0@DHQEAH@Z 00000001800101fc f i libucrt:output.obj
 0001:0000f274       ??0_LocaleUpdate@@QEAA@QEAU__crt_locale_pointers@@@Z 0000000180010274 f i libucrt:output.obj
 0001:0000f310       ?crop_zeroes@__crt_stdio_output@@YAXPEADQEAU__crt_locale_pointers@@@Z 0000000180010310 f i libucrt:output.obj
 0001:0000f3b0       ?force_decimal_point@__crt_stdio_output@@YAXPEADQEAU__crt_locale_pointers@@@Z 00000001800103b0 f i libucrt:output.obj
 0001:0000f428       ?parse_int_from_format_string@?$output_processor@DV?$string_output_adapter@D@__crt_stdio_output@@V?$format_validation_base@DV?$string_output_adapter@D@__crt_stdio_output@@@2@@__crt_stdio_output@@AEAA_NQEAH@Z 0000000180010428 f i libucrt:output.obj
 0001:0000f428       ?parse_int_from_format_string@?$output_processor@DV?$string_output_adapter@D@__crt_stdio_output@@V?$standard_base@DV?$string_output_adapter@D@__crt_stdio_output@@@2@@__crt_stdio_output@@AEAA_NQEAH@Z 0000000180010428 f i libucrt:output.obj
 0001:0000f4cc       ?process@?$output_processor@DV?$string_output_adapter@D@__crt_stdio_output@@V?$format_validation_base@DV?$string_output_adapter@D@__crt_stdio_output@@@2@@__crt_stdio_output@@QEAAHXZ 00000001800104cc f i libucrt:output.obj
 0001:0000f6e0       ?process@?$output_processor@DV?$string_output_adapter@D@__crt_stdio_output@@V?$standard_base@DV?$string_output_adapter@D@__crt_stdio_output@@@2@@__crt_stdio_output@@QEAAHXZ 00000001800106e0 f i libucrt:output.obj
 0001:0000f8e8       ?state_case_normal@?$output_processor@DV?$string_output_adapter@D@__crt_stdio_output@@V?$format_validation_base@DV?$string_output_adapter@D@__crt_stdio_output@@@2@@__crt_stdio_output@@AEAA_NXZ 00000001800108e8 f i libucrt:output.obj
 0001:0000f8e8       ?state_case_normal@?$output_processor@DV?$string_output_adapter@D@__crt_stdio_output@@V?$standard_base@DV?$string_output_adapter@D@__crt_stdio_output@@@2@@__crt_stdio_output@@AEAA_NXZ 00000001800108e8 f i libucrt:output.obj
 0001:0000f95c       ?state_case_normal_tchar@?$output_processor@DV?$string_output_adapter@D@__crt_stdio_output@@V?$format_validation_base@DV?$string_output_adapter@D@__crt_stdio_output@@@2@@__crt_stdio_output@@AEAA_ND@Z 000000018001095c f i libucrt:output.obj
 0001:0000f95c       ?state_case_normal_tchar@?$output_processor@DV?$string_output_adapter@D@__crt_stdio_output@@V?$standard_base@DV?$string_output_adapter@D@__crt_stdio_output@@@2@@__crt_stdio_output@@AEAA_ND@Z 000000018001095c f i libucrt:output.obj
 0001:0000fa04       ?state_case_size@?$output_processor@DV?$string_output_adapter@D@__crt_stdio_output@@V?$format_validation_base@DV?$string_output_adapter@D@__crt_stdio_output@@@2@@__crt_stdio_output@@AEAA_NXZ 0000000180010a04 f i libucrt:output.obj
 0001:0000fa04       ?state_case_size@?$output_processor@DV?$string_output_adapter@D@__crt_stdio_output@@V?$standard_base@DV?$string_output_adapter@D@__crt_stdio_output@@@2@@__crt_stdio_output@@AEAA_NXZ 0000000180010a04 f i libucrt:output.obj
 0001:0000fb74       ?state_case_type@?$output_processor@DV?$string_output_adapter@D@__crt_stdio_output@@V?$format_validation_base@DV?$string_output_adapter@D@__crt_stdio_output@@@2@@__crt_stdio_output@@AEAA_NXZ 0000000180010b74 f i libucrt:output.obj
 0001:0000fb74       ?state_case_type@?$output_processor@DV?$string_output_adapter@D@__crt_stdio_output@@V?$standard_base@DV?$string_output_adapter@D@__crt_stdio_output@@@2@@__crt_stdio_output@@AEAA_NXZ 0000000180010b74 f i libucrt:output.obj
 0001:0000fde0       ?to_integer_size@__crt_stdio_output@@YA_KW4length_modifier@1@@Z 0000000180010de0 f i libucrt:output.obj
 0001:0000fe48       ?type_case_Z@?$output_processor@DV?$string_output_adapter@D@__crt_stdio_output@@V?$format_validation_base@DV?$string_output_adapter@D@__crt_stdio_output@@@2@@__crt_stdio_output@@AEAA_NXZ 0000000180010e48 f i libucrt:output.obj
 0001:0000fe48       ?type_case_Z@?$output_processor@DV?$string_output_adapter@D@__crt_stdio_output@@V?$standard_base@DV?$string_output_adapter@D@__crt_stdio_output@@@2@@__crt_stdio_output@@AEAA_NXZ 0000000180010e48 f i libucrt:output.obj
 0001:0000febc       ?type_case_a@?$output_processor@DV?$string_output_adapter@D@__crt_stdio_output@@V?$format_validation_base@DV?$string_output_adapter@D@__crt_stdio_output@@@2@@__crt_stdio_output@@AEAA_NXZ 0000000180010ebc f i libucrt:output.obj
 0001:0000febc       ?type_case_a@?$output_processor@DV?$string_output_adapter@D@__crt_stdio_output@@V?$standard_base@DV?$string_output_adapter@D@__crt_stdio_output@@@2@@__crt_stdio_output@@AEAA_NXZ 0000000180010ebc f i libucrt:output.obj
 0001:00010078       ?type_case_c_tchar@?$output_processor@DV?$string_output_adapter@D@__crt_stdio_output@@V?$format_validation_base@DV?$string_output_adapter@D@__crt_stdio_output@@@2@@__crt_stdio_output@@AEAA_ND@Z 0000000180011078 f i libucrt:output.obj
 0001:00010078       ?type_case_c_tchar@?$output_processor@DV?$string_output_adapter@D@__crt_stdio_output@@V?$standard_base@DV?$string_output_adapter@D@__crt_stdio_output@@@2@@__crt_stdio_output@@AEAA_ND@Z 0000000180011078 f i libucrt:output.obj
 0001:00010140       ?type_case_integer@?$output_processor@DV?$string_output_adapter@D@__crt_stdio_output@@V?$format_validation_base@DV?$string_output_adapter@D@__crt_stdio_output@@@2@@__crt_stdio_output@@AEAA_NI_N@Z 0000000180011140 f i libucrt:output.obj
 0001:00010140       ?type_case_integer@?$output_processor@DV?$string_output_adapter@D@__crt_stdio_output@@V?$standard_base@DV?$string_output_adapter@D@__crt_stdio_output@@@2@@__crt_stdio_output@@AEAA_NI_N@Z 0000000180011140 f i libucrt:output.obj
 0001:000102c0       ?type_case_n@?$output_processor@DV?$string_output_adapter@D@__crt_stdio_output@@V?$format_validation_base@DV?$string_output_adapter@D@__crt_stdio_output@@@2@@__crt_stdio_output@@AEAA_NXZ 00000001800112c0 f i libucrt:output.obj
 0001:000102c0       ?type_case_n@?$output_processor@DV?$string_output_adapter@D@__crt_stdio_output@@V?$standard_base@DV?$string_output_adapter@D@__crt_stdio_output@@@2@@__crt_stdio_output@@AEAA_NXZ 00000001800112c0 f i libucrt:output.obj
 0001:00010348       ?type_case_s@?$output_processor@DV?$string_output_adapter@D@__crt_stdio_output@@V?$format_validation_base@DV?$string_output_adapter@D@__crt_stdio_output@@@2@@__crt_stdio_output@@AEAA_NXZ 0000000180011348 f i libucrt:output.obj
 0001:00010348       ?type_case_s@?$output_processor@DV?$string_output_adapter@D@__crt_stdio_output@@V?$standard_base@DV?$string_output_adapter@D@__crt_stdio_output@@@2@@__crt_stdio_output@@AEAA_NXZ 0000000180011348 f i libucrt:output.obj
 0001:000103e0       ?write_stored_string_tchar@?$output_processor@DV?$string_output_adapter@D@__crt_stdio_output@@V?$format_validation_base@DV?$string_output_adapter@D@__crt_stdio_output@@@2@@__crt_stdio_output@@AEAA_ND@Z 00000001800113e0 f i libucrt:output.obj
 0001:000103e0       ?write_stored_string_tchar@?$output_processor@DV?$string_output_adapter@D@__crt_stdio_output@@V?$standard_base@DV?$string_output_adapter@D@__crt_stdio_output@@@2@@__crt_stdio_output@@AEAA_ND@Z 00000001800113e0 f i libucrt:output.obj
 0001:000104bc       ?write_string@?$string_output_adapter@D@__crt_stdio_output@@QEBAXQEBDHQEAHAEAV__crt_deferred_errno_cache@@@Z 00000001800114bc f i libucrt:output.obj
 0001:00010560       __stdio_common_vsprintf    0000000180011560 f   libucrt:output.obj
 0001:00010568       __stdio_common_vsprintf_s  0000000180011568 f   libucrt:output.obj
 0001:000105cc       ??$parse_integer@KV?$c_string_character_source@D@__crt_strtox@@@__crt_strtox@@YAKQEAU__crt_locale_pointers@@V?$c_string_character_source@D@0@H_N@Z 00000001800115cc f i libucrt:atox.obj
 0001:000108d0       _ischartype_l              00000001800118d0 f i libucrt:atox.obj
 0001:00010948       atol                       0000000180011948 f   libucrt:atox.obj
 0001:00010990       strncmp                    0000000180011990 f   libucrt:strncmp.obj
 0001:00010a10       calloc                     0000000180011a10 f   libucrt:calloc.obj
 0001:00010a18       wcsncmp                    0000000180011a18 f   libucrt:wcsncmp.obj
 0001:00010a44       _free_base                 0000000180011a44 f   libucrt:free_base.obj
 0001:00010dfc       __acrt_freeptd             0000000180011dfc f   libucrt:per_thread_data.obj
 0001:00010e40       __acrt_getptd              0000000180011e40 f   libucrt:per_thread_data.obj
 0001:00010f14       __acrt_getptd_head         0000000180011f14 f   libucrt:per_thread_data.obj
 0001:00010fbc       __acrt_getptd_noexit       0000000180011fbc f   libucrt:per_thread_data.obj
 0001:00011088       __acrt_initialize_ptd      0000000180012088 f   libucrt:per_thread_data.obj
 0001:000110c4       __acrt_uninitialize_ptd    00000001800120c4 f   libucrt:per_thread_data.obj
 0001:000110e8       __acrt_initialize_locks    00000001800120e8 f   libucrt:locks.obj
 0001:00011130       __acrt_lock                0000000180012130 f   libucrt:locks.obj
 0001:0001114c       __acrt_uninitialize_locks  000000018001214c f   libucrt:locks.obj
 0001:00011184       __acrt_unlock              0000000180012184 f   libucrt:locks.obj
 0001:000111a0       __acrt_get_process_end_policy 00000001800121a0 f   libucrt:win_policies.obj
 0001:000111dc       __acrt_call_reportfault    00000001800121dc f   libucrt:invalid_parameter.obj
 0001:00011338       __acrt_initialize_invalid_parameter_handler 0000000180012338 f   libucrt:invalid_parameter.obj
 0001:00011340       _invalid_parameter         0000000180012340 f   libucrt:invalid_parameter.obj
 0001:000113f0       _invalid_parameter_noinfo  00000001800123f0 f   libucrt:invalid_parameter.obj
 0001:00011410       _invoke_watson             0000000180012410 f   libucrt:invalid_parameter.obj
 0001:00011458       __acrt_errno_from_os_error 0000000180012458 f   libucrt:errno.obj
 0001:000114a0       __acrt_errno_map_os_error  00000001800124a0 f   libucrt:errno.obj
 0001:000114f0       __doserrno                 00000001800124f0 f   libucrt:errno.obj
 0001:00011510       _errno                     0000000180012510 f   libucrt:errno.obj
 0001:00011530       _calloc_base               0000000180012530 f   libucrt:calloc_base.obj
 0001:000115bc       ??$__acrt_mbs_to_wcs_cp@U__crt_win32_buffer_internal_dynamic_resizing@@@@YAHQEBDAEAV?$__crt_win32_buffer@_WU__crt_win32_buffer_internal_dynamic_resizing@@@@I@Z 00000001800125bc f i libucrt:argv_wildcards.obj
 0001:00011734       ??$__acrt_wcs_to_mbs_cp@U__crt_win32_buffer_internal_dynamic_resizing@@@@YAHQEB_WAEAV?$__crt_win32_buffer@DU__crt_win32_buffer_internal_dynamic_resizing@@@@I@Z 0000000180012734 f i libucrt:argv_wildcards.obj
 0001:00011f64       __acrt_expand_narrow_argv_wildcards 0000000180012f64 f   libucrt:argv_wildcards.obj
 0001:00011f6c       ??$__acrt_wcs_to_mbs_cp@U__crt_win32_buffer_no_resizing@@@@YAHQEB_WAEAV?$__crt_win32_buffer@DU__crt_win32_buffer_no_resizing@@@@I@Z 0000000180012f6c f i libucrt:getmodulefilenamea.obj
 0001:00012080       __acrt_GetModuleFileNameA  0000000180013080 f   libucrt:getmodulefilenamea.obj
 0001:000128c8       __acrt_initialize_multibyte 00000001800138c8 f   libucrt:mbctype.obj
 0001:00012928       __acrt_update_thread_multibyte_data 0000000180013928 f   libucrt:mbctype.obj
 0001:00012944       _setmbcp_nolock            0000000180013944 f   libucrt:mbctype.obj
 0001:00012c78       _ismbblead                 0000000180013c78 f   libucrt:ismbbyte.obj
 0001:00012c8c       __acrt_initialize_command_line 0000000180013c8c f   libucrt:argv_data.obj
 0001:00012cb4       __acrt_MultiByteToWideChar 0000000180013cb4 f   libucrt:multibytetowidechar.obj
 0001:00012d10       __acrt_WideCharToMultiByte 0000000180013d10 f   libucrt:widechartomultibyte.obj
 0001:00012dc0       __dcrt_get_narrow_environment_from_os 0000000180013dc0 f   libucrt:get_environment_from_os.obj
 0001:00012ec4       _recalloc_base             0000000180013ec4 f   libucrt:recalloc.obj
 0001:00013134       __acrt_AppPolicyGetProcessTerminationMethodInternal 0000000180014134 f   libucrt:winapi_thunks.obj
 0001:00013184       __acrt_AreFileApisANSI     0000000180014184 f   libucrt:winapi_thunks.obj
 0001:000131c0       __acrt_FlsAlloc            00000001800141c0 f   libucrt:winapi_thunks.obj
 0001:00013208       __acrt_FlsFree             0000000180014208 f   libucrt:winapi_thunks.obj
 0001:00013250       __acrt_FlsGetValue         0000000180014250 f   libucrt:winapi_thunks.obj
 0001:00013298       __acrt_FlsSetValue         0000000180014298 f   libucrt:winapi_thunks.obj
 0001:000132ec       __acrt_InitializeCriticalSectionEx 00000001800142ec f   libucrt:winapi_thunks.obj
 0001:00013350       __acrt_LCMapStringEx       0000000180014350 f   libucrt:winapi_thunks.obj
 0001:0001342c       __acrt_LocaleNameToLCID    000000018001442c f   libucrt:winapi_thunks.obj
 0001:0001347c       __acrt_initialize_winapi_thunks 000000018001447c f   libucrt:winapi_thunks.obj
 0001:000134b0       __acrt_uninitialize_winapi_thunks 00000001800144b0 f   libucrt:winapi_thunks.obj
 0001:000134f4       __acrt_initialize_heap     00000001800144f4 f   libucrt:heap_handle.obj
 0001:00013510       __acrt_uninitialize_heap   0000000180014510 f   libucrt:heap_handle.obj
 0001:00013718       __acrt_initialize_lowio    0000000180014718 f   libucrt:ioinit.obj
 0001:00013754       __acrt_uninitialize_lowio  0000000180014754 f   libucrt:ioinit.obj
 0001:00013794       __acrt_execute_initializers 0000000180014794 f   libucrt:shared_initialization.obj
 0001:00013814       __acrt_execute_uninitializers 0000000180014814 f   libucrt:shared_initialization.obj
 0001:00013850       __acrt_initialize_new_handler 0000000180014850 f   libucrt:new_handler.obj
 0001:00013858       _callnewh                  0000000180014858 f   libucrt:new_handler.obj
 0001:00013888       _query_new_handler         0000000180014888 f   libucrt:new_handler.obj
 0001:00013904       __acrt_get_sigabrt_handler 0000000180014904 f   libucrt:signal.obj
 0001:00013934       __acrt_initialize_signal_handlers 0000000180014934 f   libucrt:signal.obj
 0001:00013954       raise                      0000000180014954 f   libucrt:signal.obj
 0001:00013bc0       __acrt_has_user_matherr    0000000180014bc0 f   libucrt:matherr.obj
 0001:00013be0       __acrt_initialize_user_matherr 0000000180014be0 f   libucrt:matherr.obj
 0001:00013be8       __acrt_invoke_user_matherr 0000000180014be8 f   libucrt:matherr.obj
 0001:00013df4       __acrt_stdio_flush_nolock  0000000180014df4 f   libucrt:fflush.obj
 0001:00013e70       _fflush_nolock             0000000180014e70 f   libucrt:fflush.obj
 0001:00013ebc       _flushall                  0000000180014ebc f   libucrt:fflush.obj
 0001:00013ec4       __acrt_initialize_stdio    0000000180014ec4 f   libucrt:_file.obj
 0001:00013fe4       __acrt_uninitialize_stdio  0000000180014fe4 f   libucrt:_file.obj
 0001:00014040       _lock_file                 0000000180015040 f   libucrt:_file.obj
 0001:0001404c       _unlock_file               000000018001504c f   libucrt:_file.obj
 0001:00014058       _malloc_base               0000000180015058 f   libucrt:malloc_base.obj
 0001:000140b8       strtol                     00000001800150b8 f   libucrt:strtox.obj
 0001:000140e4       _mbtowc_l                  00000001800150e4 f   libucrt:mbtowc.obj
 0001:00014264       mbtowc                     0000000180015264 f   libucrt:mbtowc.obj
 0001:0001426c       _wctomb_s_l                000000018001526c f   libucrt:wctomb.obj
 0001:00014408       strnlen                    0000000180015408 f   libucrt:strnlen.obj
 0001:00014558       wcsnlen                    0000000180015558 f   libucrt:strnlen.obj
 0001:00014730       __acrt_update_locale_info  0000000180015730 f   libucrt:locale_update.obj
 0001:00014764       __acrt_update_multibyte_info 0000000180015764 f   libucrt:locale_update.obj
 0001:000151a4       __acrt_fp_format           00000001800161a4 f   libucrt:cvt.obj
 0001:000154dc       _fileno                    00000001800164dc f   libucrt:fileno.obj
 0001:00015504       _get_printf_count_output   0000000180016504 f   libucrt:printf_count_output.obj
 0001:0001558c       __acrt_set_locale_changed  000000018001658c f   libucrt:wsetlocale.obj
 0001:00015598       __acrt_uninitialize_locale 0000000180016598 f   libucrt:wsetlocale.obj
 0001:000155c8       __pctype_func              00000001800165c8 f   libucrt:ctype.obj
 0001:000155f8       _isctype_l                 00000001800165f8 f   libucrt:isctype.obj
 0001:00015700       __acrt_add_locale_ref      0000000180016700 f   libucrt:locale_refcounting.obj
 0001:0001578c       __acrt_free_locale         000000018001678c f   libucrt:locale_refcounting.obj
 0001:00015904       __acrt_locale_add_lc_time_reference 0000000180016904 f   libucrt:locale_refcounting.obj
 0001:0001592c       __acrt_locale_free_lc_time_if_unreferenced 000000018001692c f   libucrt:locale_refcounting.obj
 0001:00015964       __acrt_locale_release_lc_time_reference 0000000180016964 f   libucrt:locale_refcounting.obj
 0001:0001598c       __acrt_release_locale_ref  000000018001698c f   libucrt:locale_refcounting.obj
 0001:00015a34       __acrt_update_thread_locale_data 0000000180016a34 f   libucrt:locale_refcounting.obj
 0001:00015aa4       _updatetlocinfoEx_nolock   0000000180016aa4 f   libucrt:locale_refcounting.obj
 0001:00015b0c       _query_new_mode            0000000180016b0c f   libucrt:new_mode.obj
 0001:00015b20       qsort                      0000000180016b20 f   libucrt:qsort.obj
 0001:00015ec0       strncpy_s                  0000000180016ec0 f   libucrt:strncpy_s.obj
 0001:00016040       strpbrk                    0000000180017040 f   libucrt:strpbrk.obj
 0001:00016408       _mbsdec                    0000000180017408 f   libucrt:mbsdec.obj
 0001:00016410       _mbsdec_l                  0000000180017410 f   libucrt:mbsdec.obj
 0001:000164a4       __acrt_GetStringTypeA      00000001800174a4 f   libucrt:getstringtypea.obj
 0001:0001694c       __acrt_LCMapStringA        000000018001794c f   libucrt:lcmapstringa.obj
 0001:000169fc       _msize_base                00000001800179fc f   libucrt:msize.obj
 0001:00016a38       _realloc_base              0000000180017a38 f   libucrt:realloc_base.obj
 0001:00016ab4       __acrt_DownlevelLocaleNameToLCID 0000000180017ab4 f   libucrt:lcidtoname_downlevel.obj
 0001:00016b64       __acrt_lowio_create_handle_array 0000000180017b64 f   libucrt:osfinfo.obj
 0001:00016c0c       __acrt_lowio_destroy_handle_array 0000000180017c0c f   libucrt:osfinfo.obj
 0001:00016c5c       __acrt_lowio_ensure_fh_exists 0000000180017c5c f   libucrt:osfinfo.obj
 0001:00016d04       __acrt_lowio_lock_fh       0000000180017d04 f   libucrt:osfinfo.obj
 0001:00016d2c       __acrt_lowio_unlock_fh     0000000180017d2c f   libucrt:osfinfo.obj
 0001:00016d54       _free_osfhnd               0000000180017d54 f   libucrt:osfinfo.obj
 0001:00016e10       _get_osfhandle             0000000180017e10 f   libucrt:osfinfo.obj
 0001:00016f14       _commit                    0000000180017f14 f   libucrt:commit.obj
 0001:00017824       _write                     0000000180018824 f   libucrt:write.obj
 0001:00017910       _write_nolock              0000000180018910 f   libucrt:write.obj
 0001:00017bf4       _fcloseall                 0000000180018bf4 f   libucrt:closeall.obj
 0001:00017ca8       __acrt_stdio_free_buffer_nolock 0000000180018ca8 f   libucrt:_freebuf.obj
 0001:00017ce8       _isatty                    0000000180018ce8 f   libucrt:isatty.obj
 0001:00017d48       _isleadbyte_l              0000000180018d48 f i libucrt:_wctype.obj
 0001:00017d94       ?__mbrtowc_utf8@__crt_mbstring@@YA_KPEA_WPEBD_KPEAU_Mbstatet@@@Z 0000000180018d94 f   libucrt:mbrtowc.obj
 0001:00017dd0       ?__mbsrtowcs_utf8@__crt_mbstring@@YA_KPEA_WPEAPEBD_KPEAU_Mbstatet@@@Z 0000000180018dd0 f   libucrt:mbrtowc.obj
 0001:00017f48       ?__c32rtomb_utf8@__crt_mbstring@@YA_KPEAD_UPEAU_Mbstatet@@@Z 0000000180018f48 f   libucrt:c32rtomb.obj
 0001:00017ffc       __acrt_fp_strflt_to_string 0000000180018ffc f   libucrt:_fptostr.obj
 0001:00018160       ?divide@__crt_strtox@@YA_KAEAUbig_integer@1@AEBU21@@Z 0000000180019160 f i libucrt:cfout.obj
 0001:0001858c       __acrt_fltout              000000018001958c f   libucrt:cfout.obj
 0001:00019858       fegetround                 000000018001a858 f   libucrt:fegetround.obj
 0001:0001986c       __acrt_locale_free_monetary 000000018001a86c f   libucrt:initmon.obj
 0001:00019978       __acrt_locale_free_numeric 000000018001a978 f   libucrt:initnum.obj
 0001:00019a3c       __acrt_locale_free_time    000000018001aa3c f   libucrt:inittime.obj
 0001:00019b44       __strncnt                  000000018001ab44 f   libucrt:strncnt.obj
 0001:00019b5c       __ascii_wcsnicmp           000000018001ab5c f   libucrt:wcsnicmp.obj
 0001:00019ba8       _query_app_type            000000018001aba8 f   libucrt:report_runtime_error.obj
 0001:00019c4c       _lseeki64_nolock           000000018001ac4c f   libucrt:lseek.obj
 0001:00019c54       _putwch_nolock             000000018001ac54 f   libucrt:putwch.obj
 0001:00019c90       _fclose_nolock             000000018001ac90 f   libucrt:fclose.obj
 0001:00019d14       fclose                     000000018001ad14 f   libucrt:fclose.obj
 0001:00019d78       ?__mbrtoc32_utf8@__crt_mbstring@@YA_KPEA_UPEBD_KPEAU_Mbstatet@@@Z 000000018001ad78 f   libucrt:mbrtoc32.obj
 0001:00019f50       _controlfp_s               000000018001af50 f   libucrt:contrlfp.obj
 0001:00019fb4       fegetenv                   000000018001afb4 f   libucrt:fegetenv.obj
 0001:00019fd4       fesetenv                   000000018001afd4 f   libucrt:fesetenv.obj
 0001:0001a020       feholdexcept               000000018001b020 f   libucrt:feholdexcept.obj
 0001:0001a070       ceil                       000000018001b070 f   libucrt:ceil.obj
 0001:0001a140       log10                      000000018001b140 f   libucrt:log10.obj
 0001:0001a6ec       __acrt_fenv_get_common_round_control 000000018001b6ec f   libucrt:_fenvutils.obj
 0001:0001a6f8       __acrt_fenv_get_control    000000018001b6f8 f   libucrt:_fenvutils.obj
 0001:0001a7ec       __acrt_fenv_get_status     000000018001b7ec f   libucrt:_fenvutils.obj
 0001:0001a840       __acrt_fenv_set_control    000000018001b840 f   libucrt:_fenvutils.obj
 0001:0001a988       __acrt_fenv_set_status     000000018001b988 f   libucrt:_fenvutils.obj
 0001:0001aa0c       __dcrt_lowio_ensure_console_output_initialized 000000018001ba0c f   libucrt:initcon.obj
 0001:0001aa60       __dcrt_terminate_console_output 000000018001ba60 f   libucrt:initcon.obj
 0001:0001aa7c       __dcrt_write_console       000000018001ba7c f   libucrt:initcon.obj
 0001:0001abb0       _close                     000000018001bbb0 f   libucrt:close.obj
 0001:0001ac54       _close_nolock              000000018001bc54 f   libucrt:close.obj
 0001:0001ad14       ?__acrt_stdio_free_stream@@YAXV__crt_stdio_stream@@@Z 000000018001bd14 f   libucrt:stream.obj
 0001:0001ad30       _clearfp                   000000018001bd30 f   libucrt:ieee.obj
 0001:0001ada0       _control87                 000000018001bda0 f   libucrt:ieee.obj
 0001:0001b18c       _handle_error              000000018001c18c f   libucrt:libm_error.obj
 0001:0001b2b4       _handle_nan                000000018001c2b4 f   libucrt:libm_error.obj
 0001:0001b2d0       __acrt_initialize_fma3     000000018001c2d0 f   libucrt:fma3_available.obj
 0001:0001b340       _log10_special             000000018001c340 f   libucrt:log_special.obj
 0001:0001b410       _get_fpsr                  000000018001c410 f   libucrt:fpsr.obj
 0001:0001b420       _set_fpsr                  000000018001c420 f   libucrt:fpsr.obj
 0001:0001b42a       _fclrf                     000000018001c42a f   libucrt:fpsr.obj
 0001:0001b43e       _frnd                      000000018001c43e f   libucrt:fpsr.obj
 0001:0001b460       _raise_exc                 000000018001c460 f   libucrt:fpexcept.obj
 0001:0001b488       _raise_exc_ex              000000018001c488 f   libucrt:fpexcept.obj
 0001:0001b798       _set_errno_from_matherr    000000018001c798 f   libucrt:fpexcept.obj
 0001:0001b7c8       _clrfp                     000000018001c7c8 f   libucrt:fpctrl.obj
 0001:0001b7e8       _ctrlfp                    000000018001c7e8 f   libucrt:fpctrl.obj
 0001:0001b864       _set_statfp                000000018001c864 f   libucrt:fpctrl.obj
 0001:0001b884       _statfp                    000000018001c884 f   libucrt:fpctrl.obj
 0001:0001b8a0       _FindPESection             000000018001c8a0 f   LIBCMT:pesect.obj
 0001:0001b8f0       _IsNonwritableInCurrentImage 000000018001c8f0 f   LIBCMT:pesect.obj
 0001:0001b940       _ValidateImageBase         000000018001c940 f   LIBCMT:pesect.obj
 0001:0001b96c       __GSHandlerCheck           000000018001c96c f   LIBCMT:gshandler.obj
 0001:0001b98c       __GSHandlerCheckCommon     000000018001c98c f   LIBCMT:gshandler.obj
 0001:0001ba00       __security_check_cookie    000000018001ca00 f   LIBCMT:amdsecgs.obj
 0001:0001ba20       __GSHandlerCheck_SEH       000000018001ca20 f   LIBCMT:gshandlerseh.obj
 0001:0001baa8       __raise_securityfailure    000000018001caa8 f   LIBCMT:gs_report.obj
 0001:0001badc       __report_gsfailure         000000018001cadc f   LIBCMT:gs_report.obj
 0001:0001bbb0       __report_rangecheckfailure 000000018001cbb0 f   LIBCMT:gs_report.obj
 0001:0001bbc4       __report_securityfailure   000000018001cbc4 f   LIBCMT:gs_report.obj
 0001:0001bd60       __chkstk                   000000018001cd60 f   LIBCMT:chkstk.obj
 0001:0001bd60       _alloca_probe              000000018001cd60 f   LIBCMT:chkstk.obj
 0001:0001bdb0       strrchr                    000000018001cdb0 f   libvcruntime:strrchr.obj
 0001:0001bf00       memcmp                     000000018001cf00 f   libvcruntime:memcmp.obj
 0001:0001bfe0       _guard_dispatch_icall_nop  000000018001cfe0 f   LIBCMT:guard_dispatch.obj
 0001:0001c000       _guard_xfg_dispatch_icall_nop 000000018001d000 f   LIBCMT:guard_xfg_dispatch.obj
 0002:00000000       __imp_LoadLibraryA         000000018001e000     kernel32:KERNEL32.dll
 0002:00000008       __imp_CloseHandle          000000018001e008     kernel32:KERNEL32.dll
 0002:00000010       __imp_RaiseException       000000018001e010     kernel32:KERNEL32.dll
 0002:00000018       __imp_GetLastError         000000018001e018     kernel32:KERNEL32.dll
 0002:00000020       __imp_GetSystemInfo        000000018001e020     kernel32:KERNEL32.dll
 0002:00000028       __imp_VirtualProtect       000000018001e028     kernel32:KERNEL32.dll
 0002:00000030       __imp_VirtualQuery         000000018001e030     kernel32:KERNEL32.dll
 0002:00000038       __imp_FreeLibrary          000000018001e038     kernel32:KERNEL32.dll
 0002:00000040       __imp_GetModuleHandleW     000000018001e040     kernel32:KERNEL32.dll
 0002:00000048       __imp_GetProcAddress       000000018001e048     kernel32:KERNEL32.dll
 0002:00000050       __imp_LoadLibraryExA       000000018001e050     kernel32:KERNEL32.dll
 0002:00000058       __imp_InitializeSListHead  000000018001e058     kernel32:KERNEL32.dll
 0002:00000060       __imp_QueryPerformanceCounter 000000018001e060     kernel32:KERNEL32.dll
 0002:00000068       __imp_GetCurrentProcessId  000000018001e068     kernel32:KERNEL32.dll
 0002:00000070       __imp_GetCurrentThreadId   000000018001e070     kernel32:KERNEL32.dll
 0002:00000078       __imp_GetSystemTimeAsFileTime 000000018001e078     kernel32:KERNEL32.dll
 0002:00000080       __imp_RtlCaptureContext    000000018001e080     kernel32:KERNEL32.dll
 0002:00000088       __imp_RtlLookupFunctionEntry 000000018001e088     kernel32:KERNEL32.dll
 0002:00000090       __imp_RtlVirtualUnwind     000000018001e090     kernel32:KERNEL32.dll
 0002:00000098       __imp_IsDebuggerPresent    000000018001e098     kernel32:KERNEL32.dll
 0002:000000a0       __imp_UnhandledExceptionFilter 000000018001e0a0     kernel32:KERNEL32.dll
 0002:000000a8       __imp_SetUnhandledExceptionFilter 000000018001e0a8     kernel32:KERNEL32.dll
 0002:000000b0       __imp_GetStartupInfoW      000000018001e0b0     kernel32:KERNEL32.dll
 0002:000000b8       __imp_IsProcessorFeaturePresent 000000018001e0b8     kernel32:KERNEL32.dll
 0002:000000c0       __imp_InterlockedPushEntrySList 000000018001e0c0     kernel32:KERNEL32.dll
 0002:000000c8       __imp_InterlockedFlushSList 000000018001e0c8     kernel32:KERNEL32.dll
 0002:000000d0       __imp_RtlUnwindEx          000000018001e0d0     kernel32:KERNEL32.dll
 0002:000000d8       __imp_SetLastError         000000018001e0d8     kernel32:KERNEL32.dll
 0002:000000e0       __imp_EnterCriticalSection 000000018001e0e0     kernel32:KERNEL32.dll
 0002:000000e8       __imp_LeaveCriticalSection 000000018001e0e8     kernel32:KERNEL32.dll
 0002:000000f0       __imp_DeleteCriticalSection 000000018001e0f0     kernel32:KERNEL32.dll
 0002:000000f8       __imp_InitializeCriticalSectionAndSpinCount 000000018001e0f8     kernel32:KERNEL32.dll
 0002:00000100       __imp_TlsAlloc             000000018001e100     kernel32:KERNEL32.dll
 0002:00000108       __imp_TlsGetValue          000000018001e108     kernel32:KERNEL32.dll
 0002:00000110       __imp_TlsSetValue          000000018001e110     kernel32:KERNEL32.dll
 0002:00000118       __imp_TlsFree              000000018001e118     kernel32:KERNEL32.dll
 0002:00000120       __imp_LoadLibraryExW       000000018001e120     kernel32:KERNEL32.dll
 0002:00000128       __imp_EncodePointer        000000018001e128     kernel32:KERNEL32.dll
 0002:00000130       __imp_RtlPcToFileHeader    000000018001e130     kernel32:KERNEL32.dll
 0002:00000138       __imp_RtlUnwind            000000018001e138     kernel32:KERNEL32.dll
 0002:00000140       __imp_GetCurrentProcess    000000018001e140     kernel32:KERNEL32.dll
 0002:00000148       __imp_ExitProcess          000000018001e148     kernel32:KERNEL32.dll
 0002:00000150       __imp_TerminateProcess     000000018001e150     kernel32:KERNEL32.dll
 0002:00000158       __imp_GetModuleHandleExW   000000018001e158     kernel32:KERNEL32.dll
 0002:00000160       __imp_GetModuleFileNameW   000000018001e160     kernel32:KERNEL32.dll
 0002:00000168       __imp_HeapFree             000000018001e168     kernel32:KERNEL32.dll
 0002:00000170       __imp_HeapAlloc            000000018001e170     kernel32:KERNEL32.dll
 0002:00000178       __imp_FindClose            000000018001e178     kernel32:KERNEL32.dll
 0002:00000180       __imp_FindFirstFileExW     000000018001e180     kernel32:KERNEL32.dll
 0002:00000188       __imp_FindNextFileW        000000018001e188     kernel32:KERNEL32.dll
 0002:00000190       __imp_IsValidCodePage      000000018001e190     kernel32:KERNEL32.dll
 0002:00000198       __imp_GetACP               000000018001e198     kernel32:KERNEL32.dll
 0002:000001a0       __imp_GetOEMCP             000000018001e1a0     kernel32:KERNEL32.dll
 0002:000001a8       __imp_GetCPInfo            000000018001e1a8     kernel32:KERNEL32.dll
 0002:000001b0       __imp_GetCommandLineA      000000018001e1b0     kernel32:KERNEL32.dll
 0002:000001b8       __imp_GetCommandLineW      000000018001e1b8     kernel32:KERNEL32.dll
 0002:000001c0       __imp_MultiByteToWideChar  000000018001e1c0     kernel32:KERNEL32.dll
 0002:000001c8       __imp_WideCharToMultiByte  000000018001e1c8     kernel32:KERNEL32.dll
 0002:000001d0       __imp_GetEnvironmentStringsW 000000018001e1d0     kernel32:KERNEL32.dll
 0002:000001d8       __imp_FreeEnvironmentStringsW 000000018001e1d8     kernel32:KERNEL32.dll
 0002:000001e0       __imp_LCMapStringW         000000018001e1e0     kernel32:KERNEL32.dll
 0002:000001e8       __imp_GetProcessHeap       000000018001e1e8     kernel32:KERNEL32.dll
 0002:000001f0       __imp_GetStdHandle         000000018001e1f0     kernel32:KERNEL32.dll
 0002:000001f8       __imp_GetFileType          000000018001e1f8     kernel32:KERNEL32.dll
 0002:00000200       __imp_GetStringTypeW       000000018001e200     kernel32:KERNEL32.dll
 0002:00000208       __imp_HeapSize             000000018001e208     kernel32:KERNEL32.dll
 0002:00000210       __imp_HeapReAlloc          000000018001e210     kernel32:KERNEL32.dll
 0002:00000218       __imp_SetStdHandle         000000018001e218     kernel32:KERNEL32.dll
 0002:00000220       __imp_FlushFileBuffers     000000018001e220     kernel32:KERNEL32.dll
 0002:00000228       __imp_WriteFile            000000018001e228     kernel32:KERNEL32.dll
 0002:00000230       __imp_GetConsoleOutputCP   000000018001e230     kernel32:KERNEL32.dll
 0002:00000238       __imp_GetConsoleMode       000000018001e238     kernel32:KERNEL32.dll
 0002:00000240       __imp_SetFilePointerEx     000000018001e240     kernel32:KERNEL32.dll
 0002:00000248       __imp_CreateFileW          000000018001e248     kernel32:KERNEL32.dll
[...]
 0002:0000ad08       $unwind$??$?RV<lambda_886d6c58226a84441f68b9f2b8217b83>@@AEAV<lambda_ab61a845afdef5b7c387490eaf3616ee>@@V<lambda_f7f22ab5edc0698d5f6905b0d3f44752>@@@?$__crt_seh_guarded_call@X@@QEAAX$$QEAV<lambda_886d6c58226a84441f68b9f2b8217b83>@@AEAV<lambda_ab61a845afdef5b7c387490eaf3616ee>@@$$QEAV<lambda_f7f22ab5edc0698d5f6905b0d3f44752>@@@Z 0000000180028d08     libucrt:fflush.obj
 0002:0000ad30       $unwind$_wctomb_s_l        0000000180028d30     libucrt:wctomb.obj
 0002:0000ad40       $unwind$__acrt_fp_format   0000000180028d40     libucrt:cvt.obj
 0002:0000ad58       $unwind$?fp_format_e_internal@@YAHQEAD_KH_NIQEAU_strflt@@2QEAU__crt_locale_pointers@@@Z 0000000180028d58     libucrt:cvt.obj
 0002:0000ad70       $unwind$?fp_format_a@@YAHQEBNPEAD_KQEAD2H_NIQEAU__crt_locale_pointers@@W4__acrt_rounding_mode@@@Z 0000000180028d70     libucrt:cvt.obj
 0002:0000ad8c       $unwind$?fp_format_g@@YAHQEBNQEAD_K12H_NIW4__acrt_rounding_mode@@QEAU__crt_locale_pointers@@@Z 0000000180028d8c     libucrt:cvt.obj
 0002:0000ada0       $unwind$??$?RV<lambda_410d79af7f07d98d83a3f525b3859a53>@@AEAV<lambda_3e16ef9562a7dcce91392c22ab16ea36>@@V<lambda_38119f0e861e05405d8a144b9b982f0a>@@@?$__crt_seh_guarded_call@X@@QEAAX$$QEAV<lambda_410d79af7f07d98d83a3f525b3859a53>@@AEAV<lambda_3e16ef9562a7dcce91392c22ab16ea36>@@$$QEAV<lambda_38119f0e861e05405d8a144b9b982f0a>@@@Z 0000000180028da0     libucrt:wsetlocale.obj
 0002:0000adc8       $unwind$_isctype_l         0000000180028dc8     libucrt:isctype.obj
 0002:0000ade4       $unwind$__acrt_update_thread_locale_data 0000000180028de4     libucrt:locale_refcounting.obj
 0002:0000ae08       $unwind$qsort              0000000180028e08     libucrt:qsort.obj
 0002:0000ae20       $chain$4$qsort             0000000180028e20     libucrt:qsort.obj
 0002:0000ae44       $chain$5$qsort             0000000180028e44     libucrt:qsort.obj
 0002:0000ae54       $unwind$strpbrk            0000000180028e54     libucrt:strpbrk.obj
 0002:0000ae64       $unwind$fallbackMethod     0000000180028e64     libucrt:strpbrk.obj
 0002:0000ae74       $unwind$__acrt_GetStringTypeA 0000000180028e74     libucrt:getstringtypea.obj
 0002:0000ae9c       $unwind$__acrt_LCMapStringA 0000000180028e9c     libucrt:lcmapstringa.obj
 0002:0000aeac       $unwind$?__acrt_LCMapStringA_stat@@YAHPEAU__crt_locale_pointers@@PEB_WKPEBDHPEADHHH@Z 0000000180028eac     libucrt:lcmapstringa.obj
 0002:0000aed4       $unwind$__acrt_lowio_destroy_handle_array 0000000180028ed4     libucrt:osfinfo.obj
 0002:0000aee4       $unwind$__acrt_lowio_ensure_fh_exists 0000000180028ee4     libucrt:osfinfo.obj
 0002:0000af10       $unwind$_close             0000000180028f10     libucrt:close.obj
 0002:0000af10       $unwind$_commit            0000000180028f10     libucrt:commit.obj
 0002:0000af18       $unwind$??$?RV<lambda_a37b2b86f63e897a80ea819b0eb08c01>@@AEAV<lambda_38ce7e780aa69e748d6df282ebc68efe>@@V<lambda_99fb1378e971ab6e7edea83e3a7a83a2>@@@?$__crt_seh_guarded_call@H@@QEAAH$$QEAV<lambda_a37b2b86f63e897a80ea819b0eb08c01>@@AEAV<lambda_38ce7e780aa69e748d6df282ebc68efe>@@$$QEAV<lambda_99fb1378e971ab6e7edea83e3a7a83a2>@@@Z 0000000180028f18     libucrt:commit.obj
 0002:0000af3c       $unwind$_write             0000000180028f3c     libucrt:write.obj
 0002:0000af6c       $unwind$_write_nolock      0000000180028f6c     libucrt:write.obj
 0002:0000af84       $unwind$?write_double_translated_ansi_nolock@@YA?AUwrite_result@?A0x17268360@@HQEBDI@Z 0000000180028f84     libucrt:write.obj
 0002:0000afa8       $unwind$?write_text_ansi_nolock@@YA?AUwrite_result@?A0x17268360@@HQEBDI@Z 0000000180028fa8     libucrt:write.obj
 0002:0000afa8       $unwind$?write_text_utf16le_nolock@@YA?AUwrite_result@?A0x17268360@@HQEBDI@Z 0000000180028fa8     libucrt:write.obj
 0002:0000afc8       $unwind$?write_text_utf8_nolock@@YA?AUwrite_result@?A0x17268360@@HQEBDI@Z 0000000180028fc8     libucrt:write.obj
 0002:0000afec       $unwind$_fcloseall         0000000180028fec     libucrt:closeall.obj
 0002:0000b010       $unwind$?__mbsrtowcs_utf8@__crt_mbstring@@YA_KPEA_WPEAPEBD_KPEAU_Mbstatet@@@Z 0000000180029010     libucrt:mbrtowc.obj
 0002:0000b028       $unwind$__acrt_fltout      0000000180029028     libucrt:cfout.obj
 0002:0000b048       $unwind$?divide@__crt_strtox@@YA_KAEAUbig_integer@1@AEBU21@@Z 0000000180029048     libucrt:cfout.obj
 0002:0000b060       $chain$0$?divide@__crt_strtox@@YA_KAEAUbig_integer@1@AEBU21@@Z 0000000180029060     libucrt:cfout.obj
 0002:0000b074       $chain$1$?divide@__crt_strtox@@YA_KAEAUbig_integer@1@AEBU21@@Z 0000000180029074     libucrt:cfout.obj
 0002:0000b084       $unwind$__acrt_locale_free_monetary 0000000180029084     libucrt:initmon.obj
 0002:0000b08c       $unwind$__acrt_locale_free_time 000000018002908c     libucrt:inittime.obj
 0002:0000b09c       $unwind$_putwch_nolock     000000018002909c     libucrt:putwch.obj
 0002:0000b0a4       $unwind$fclose             00000001800290a4     libucrt:fclose.obj
 0002:0000b0c8       $unwind$?__mbrtoc32_utf8@__crt_mbstring@@YA_KPEA_UPEBD_KPEAU_Mbstatet@@@Z 00000001800290c8     libucrt:mbrtoc32.obj
 0002:0000b0e8       $xdatasym                  00000001800290e8     libucrt:log10.obj
 0002:0000b0f4       $unwind$__acrt_fenv_set_control 00000001800290f4     libucrt:_fenvutils.obj
 0002:0000b104       $unwind$??$?RV<lambda_751a882b2c74d4b022dec766aa51a29a>@@AEAV<lambda_628dfdc04ba53c8bfc02c9951375f3f5>@@V<lambda_f6c7be5f7998530c34de24c7437d6b54>@@@?$__crt_seh_guarded_call@H@@QEAAH$$QEAV<lambda_751a882b2c74d4b022dec766aa51a29a>@@AEAV<lambda_628dfdc04ba53c8bfc02c9951375f3f5>@@$$QEAV<lambda_f6c7be5f7998530c34de24c7437d6b54>@@@Z 0000000180029104     libucrt:close.obj
 0002:0000b128       $unwind$common_control87   0000000180029128     libucrt:ieee.obj
 0002:0000b154       $unwind$_call_matherr      0000000180029154     libucrt:libm_error.obj
 0002:0000b15c       $unwind$_handle_error      000000018002915c     libucrt:libm_error.obj
 0002:0000b17c       $unwind$__acrt_initialize_fma3 000000018002917c     libucrt:fma3_available.obj
 0002:0000b184       $unwind$_log_special_common 0000000180029184     libucrt:log_special.obj
 0002:0000b190       $xdatasym                  0000000180029190     libucrt:fpsr.obj
 0002:0000b198       $unwind$_raise_exc_ex      0000000180029198     libucrt:fpexcept.obj
 0002:0000b1ac       $unwind$_ctrlfp            00000001800291ac     libucrt:fpctrl.obj
 0002:0000b1d4       $unwind$_IsNonwritableInCurrentImage 00000001800291d4     LIBCMT:pesect.obj
 0002:0000b1f8       $unwind$__GSHandlerCheckCommon 00000001800291f8     LIBCMT:gshandler.obj
 0002:0000b200       $xdatasym                  0000000180029200     LIBCMT:amdsecgs.obj
 0002:0000b204       $unwind$__report_securityfailure 0000000180029204     LIBCMT:gs_report.obj
 0002:0000b20c       $unwind$__report_gsfailure 000000018002920c     LIBCMT:gs_report.obj
 0002:0000b214       $unwind$capture_current_context 0000000180029214     LIBCMT:gs_report.obj
 0002:0000b220       $unwind$capture_previous_context 0000000180029220     LIBCMT:gs_report.obj
 0002:0000b230       $xdatasym                  0000000180029230     LIBCMT:chkstk.obj
 0002:0000b238       $xdatasym                  0000000180029238     libvcruntime:memcmp.obj
 0002:0000b760       .edata                     0000000180029760     PhysXCooking_64.exp
 0002:0000b788       rgpv                       0000000180029788     PhysXCooking_64.exp
 0002:0000b870       rgszName                   0000000180029870     PhysXCooking_64.exp
 0002:0000b958       rgwOrd                     0000000180029958     PhysXCooking_64.exp
 0002:0000b9cc       szName                     00000001800299cc     PhysXCooking_64.exp
 0002:0000b9e0       $N00001                    00000001800299e0     PhysXCooking_64.exp
 0002:0000ba04       $N00002                    0000000180029a04     PhysXCooking_64.exp
 0002:0000ba33       $N00003                    0000000180029a33     PhysXCooking_64.exp
 0002:0000ba5a       $N00004                    0000000180029a5a     PhysXCooking_64.exp
 0002:0000bab1       $N00005                    0000000180029ab1     PhysXCooking_64.exp
 0002:0000badc       $N00006                    0000000180029adc     PhysXCooking_64.exp
 0002:0000bb02       $N00007                    0000000180029b02     PhysXCooking_64.exp
 0002:0000bb21       $N00008                    0000000180029b21     PhysXCooking_64.exp
 0002:0000bb45       $N00009                    0000000180029b45     PhysXCooking_64.exp
 0002:0000bb6c       $N00010                    0000000180029b6c     PhysXCooking_64.exp
 0002:0000bb95       $N00011                    0000000180029b95     PhysXCooking_64.exp
 0002:0000bbb4       $N00012                    0000000180029bb4     PhysXCooking_64.exp
 0002:0000bbe7       $N00013                    0000000180029be7     PhysXCooking_64.exp
 0002:0000bc1d       $N00014                    0000000180029c1d     PhysXCooking_64.exp
 0002:0000bc55       $N00015                    0000000180029c55     PhysXCooking_64.exp
 0002:0000bc87       $N00016                    0000000180029c87     PhysXCooking_64.exp
 0002:0000bcb3       $N00017                    0000000180029cb3     PhysXCooking_64.exp
 0002:0000bccf       $N00018                    0000000180029ccf     PhysXCooking_64.exp
 0002:0000bcf9       $N00019                    0000000180029cf9     PhysXCooking_64.exp
 0002:0000bd35       $N00020                    0000000180029d35     PhysXCooking_64.exp
 0002:0000bd70       $N00021                    0000000180029d70     PhysXCooking_64.exp
 0002:0000bdab       $N00022                    0000000180029dab     PhysXCooking_64.exp
 0002:0000bde0       $N00023                    0000000180029de0     PhysXCooking_64.exp
 0002:0000be1c       $N00024                    0000000180029e1c     PhysXCooking_64.exp
 0002:0000be4f       $N00025                    0000000180029e4f     PhysXCooking_64.exp
 0002:0000be82       $N00026                    0000000180029e82     PhysXCooking_64.exp
 0002:0000bebc       $N00027                    0000000180029ebc     PhysXCooking_64.exp
 0002:0000bef6       $N00028                    0000000180029ef6     PhysXCooking_64.exp
 0002:0000bf23       $N00029                    0000000180029f23     PhysXCooking_64.exp
 0002:0000bf56       $N00030                    0000000180029f56     PhysXCooking_64.exp
 0002:0000bf84       $N00031                    0000000180029f84     PhysXCooking_64.exp
 0002:0000bfb1       $N00032                    0000000180029fb1     PhysXCooking_64.exp
 0002:0000bfed       $N00033                    0000000180029fed     PhysXCooking_64.exp
 0002:0000c02a       $N00034                    000000018002a02a     PhysXCooking_64.exp
 0002:0000c05a       $N00035                    000000018002a05a     PhysXCooking_64.exp
 0002:0000c071       $N00036                    000000018002a071     PhysXCooking_64.exp
 0002:0000c08c       $N00037                    000000018002a08c     PhysXCooking_64.exp
 0002:0000c0a3       $N00038                    000000018002a0a3     PhysXCooking_64.exp
 0002:0000c0b9       $N00039                    000000018002a0b9     PhysXCooking_64.exp
 0002:0000c0d0       $N00040                    000000018002a0d0     PhysXCooking_64.exp
 0002:0000c0e8       $N00041                    000000018002a0e8     PhysXCooking_64.exp
 0002:0000c0f2       $N00042                    000000018002a0f2     PhysXCooking_64.exp
 0002:0000c103       $N00043                    000000018002a103     PhysXCooking_64.exp
 0002:0000c115       $N00044                    000000018002a115     PhysXCooking_64.exp
 0002:0000c128       $N00045                    000000018002a128     PhysXCooking_64.exp
 0002:0000c13e       $N00046                    000000018002a13e     PhysXCooking_64.exp
 0002:0000c151       $N00047                    000000018002a151     PhysXCooking_64.exp
 0002:0000c15d       $N00048                    000000018002a15d     PhysXCooking_64.exp
 0002:0000c171       $N00049                    000000018002a171     PhysXCooking_64.exp
 0002:0000c184       $N00050                    000000018002a184     PhysXCooking_64.exp
 0002:0000c198       $N00051                    000000018002a198     PhysXCooking_64.exp
 0002:0000c1ad       $N00052                    000000018002a1ad     PhysXCooking_64.exp
 0002:0000c1c5       $N00053                    000000018002a1c5     PhysXCooking_64.exp
 0002:0000c1da       $N00054                    000000018002a1da     PhysXCooking_64.exp
 0002:0000c1f7       $N00055                    000000018002a1f7     PhysXCooking_64.exp
 0002:0000c218       $N00056                    000000018002a218     PhysXCooking_64.exp
 0002:0000c237       $N00057                    000000018002a237     PhysXCooking_64.exp
 0002:0000c24c       $N00058                    000000018002a24c     PhysXCooking_64.exp
 0002:0000c500       .idata$6                   000000018002a500     kernel32:KERNEL32.dll
 0003:00000040       ?prefix@?1??getDimension@UnDecorator@@CA?AVDName@@_N@Z@4UStringLiteral@@A 000000018002b040     libvcruntime:undname.obj
 0003:00000050       ?__vcrt_flsindex@@3KA      000000018002b050     libvcruntime:per_thread_data.obj
 0003:00000070       ?__acrt_flsindex@@3KA      000000018002b070     libucrt:per_thread_data.obj
 0003:00000074       ?errno_no_memory@@3HA      000000018002b074     libucrt:errno.obj
 0003:00000078       ?doserrno_no_memory@@3KA   000000018002b078     libucrt:errno.obj
 0003:000002b0       _mbctypes                  000000018002b2b0     libucrt:mbctype.obj
 0003:000003c0       _mbcasemaps                000000018002b3c0     libucrt:mbctype.obj
 0003:000004c0       ?__rgctypeflag@@3PADA      000000018002b4c0     libucrt:mbctype.obj
 0003:000004d0       ?__rgcode_page_info@@3PAUcode_page_info@@A 000000018002b4d0     libucrt:mbctype.obj
 0003:000009e0       ?__dcrt_lowio_console_output_handle@@3PEAXEA 000000018002b9e0     libucrt:initcon.obj
 0003:000009e8       ?dazSupported@?1??common_control87@@9@9 000000018002b9e8     libucrt:ieee.obj
 0003:000009f0       ?dazSupported@?1??_ctrlfp@@9@9 000000018002b9f0     libucrt:fpctrl.obj
 0003:00000cb0       ?maxV3Error@vecMathTests@aos@physx@@3T__m128@@B 000000018002bcb0     Cooking.obj
 0003:00000cc0       ?minFError@vecMathTests@aos@physx@@3T__m128@@B 000000018002bcc0     Cooking.obj
 0003:00000cd0       ?maxV4Error@vecMathTests@aos@physx@@3T__m128@@B 000000018002bcd0     Cooking.obj
 0003:00000ce0       ?minV4Error@vecMathTests@aos@physx@@3T__m128@@B 000000018002bce0     Cooking.obj
 0003:00000cf0       ?minV3Error@vecMathTests@aos@physx@@3T__m128@@B 000000018002bcf0     Cooking.obj
 0003:00000d00       ?maxFError@vecMathTests@aos@physx@@3T__m128@@B 000000018002bd00     Cooking.obj
 0003:00000d10       ?gCookingDelayLoadHook@@3PEBVPxDelayLoadHook@physx@@EB 000000018002bd10     WindowsCookingDelayLoadHook.obj
 0003:00000d70       ?__proc_attached@@3HA      000000018002bd70     LIBCMT:dll_dllmain.obj
 0003:00000d98       ?is_initialized_as_dll@@3_NA 000000018002bd98     LIBCMT:utility.obj
 0003:00000d99       ?module_local_atexit_table_initialized@@3_NA 000000018002bd99     LIBCMT:utility.obj
 0003:00000da0       ?module_local_atexit_table@@3U_onexit_table_t@@A 000000018002bda0     LIBCMT:utility.obj
 0003:00000db8       ?module_local_at_quick_exit_table@@3U_onexit_table_t@@A 000000018002bdb8     LIBCMT:utility.obj
 0003:00000e28       ?heap@@3V_HeapManager@@A   000000018002be28     libvcruntime:undname.obj
 0003:00000e50       ?__vcrt_startup_thread_ptd@@3U__vcrt_ptd@@A 000000018002be50     libvcruntime:per_thread_data.obj
 0003:00000ed0       __vcrt_lock_table          000000018002bed0     libvcruntime:locks.obj
 0003:00000ef8       __vcrt_locks_initialized   000000018002bef8     libvcruntime:locks.obj
 0003:00000f00       ?module_handles@@3PAPEAUHINSTANCE__@@A 000000018002bf00     libvcruntime:winapi_downlevel.obj
 0003:00000f18       ?function_pointers@@3PAPEAXA 000000018002bf18     libvcruntime:winapi_downlevel.obj
 0003:00000f40       ?c_termination_complete@@3JA 000000018002bf40     libucrt:exit.obj
 0003:00000f48       ?thread_local_exit_callback_func@@3P6AXPEAXK0@ZEA 000000018002bf48     libucrt:exit.obj
 0003:00000f60       ?program_name@?1???$common_configure_argv@D@@YAHW4_crt_argv_mode@@@Z@4PADA 000000018002bf60     libucrt:argv_parsing.obj
 0003:000010c0       ?__acrt_lock_table@@3PAU_RTL_CRITICAL_SECTION@@A 000000018002c0c0     libucrt:locks.obj
 0003:000012f0       ?__acrt_locks_initialized@@3IA 000000018002c2f0     libucrt:locks.obj
 0003:000012f8       ?__acrt_invalid_parameter_handler@@3V?$dual_state_global@P6AXPEB_W00I_K@Z@__crt_state_management@@A 000000018002c2f8     libucrt:invalid_parameter.obj
 0003:00001318       ?fSystemSet@@3HA           000000018002c318     libucrt:mbctype.obj
 0003:0000131c       ?initialized@?1??__acrt_initialize_multibyte@@9@4_NA 000000018002c31c     libucrt:mbctype.obj
 0003:00001350       ?module_handles@@3PAPEAUHINSTANCE__@@A 000000018002c350     libucrt:winapi_thunks.obj
 0003:000013f0       ?encoded_function_pointers@@3PAPEAXA 000000018002c3f0     libucrt:winapi_thunks.obj
 0003:00001918       ?__acrt_new_handler@@3V?$dual_state_global@P6AH_K@Z@__crt_state_management@@A 000000018002c918     libucrt:new_handler.obj
 0003:00001920       ?ctrlc_action@@3V?$dual_state_global@P6AXH@Z@__crt_state_management@@A 000000018002c920     libucrt:signal.obj
 0003:00001928       ?ctrlbreak_action@@3V?$dual_state_global@P6AXH@Z@__crt_state_management@@A 000000018002c928     libucrt:signal.obj
 0003:00001930       ?abort_action@@3V?$dual_state_global@P6AXH@Z@__crt_state_management@@A 000000018002c930     libucrt:signal.obj
 0003:00001938       ?term_action@@3V?$dual_state_global@P6AXH@Z@__crt_state_management@@A 000000018002c938     libucrt:signal.obj
 0003:00001940       ?user_matherr@@3V?$dual_state_global@P6AHPEAU_exception@@@Z@__crt_state_management@@A 000000018002c940     libucrt:matherr.obj
 0003:00001970       ?internal_state@?1??_mbtowc_l@@9@4U_Mbstatet@@A 000000018002c970     libucrt:mbtowc.obj
 0003:00001978       ?enable_percent_n@@3_KA    000000018002c978     libucrt:printf_count_output.obj
 0003:00001984       ?__acrt_global_new_mode@@3V?$dual_state_global@J@__crt_state_management@@A 000000018002c984     libucrt:new_mode.obj
 0003:00001990       ?__acrt_app_type@@3W4_crt_app_type@@A 000000018002c990     libucrt:report_runtime_error.obj
 0003:00001998       ?internal_pst@?1??__mbrtoc32_utf8@__crt_mbstring@@YA_KPEA_UPEBD_KPEAU_Mbstatet@@@Z@4U3@A 000000018002c998     libucrt:mbrtoc32.obj
 0003:000019b0       GS_ExceptionRecord         000000018002c9b0     LIBCMT:gs_report.obj
 0003:00001a50       GS_ContextRecord           000000018002ca50     LIBCMT:gs_report.obj
 0005:00000000       SetSmall                   000000018002f000     libvcruntime:memset.obj
 0005:00000040       SetSmallYmm                000000018002f040     libvcruntime:memset.obj
 0005:00000064       SetSmallYmmNT              000000018002f064     libvcruntime:memset.obj
 0005:00000088       SetSmallXmm                000000018002f088     libvcruntime:memset.obj
 0005:000000b0       MoveSmall                  000000018002f0b0     libvcruntime:memcpy.obj
 0005:000000f0       MoveSmallYmm               000000018002f0f0     libvcruntime:memcpy.obj
 0005:00000114       MoveSmallYmmNT             000000018002f114     libvcruntime:memcpy.obj
 0005:00000138       MoveSmallXmm               000000018002f138     libvcruntime:memcpy.obj
 0006:000000a0       $R000000                   00000001800300a0     PhysXCooking.res
 0006:000003d0       $R000330                   00000001800303d0     PhysXCooking.res
